Archive member included to satisfy reference by file (symbol)

e:/siliconlabs/simplicitystudio/v4/developer/toolchains/gnu_arm/7.2_2017q4/bin/../lib/gcc/arm-none-eabi/7.2.1/thumb/v7e-m/fpv4-sp/softfp\libgcc.a(_aeabi_uldivmod.o)
                              ./emlib/em_usart.o (__aeabi_uldivmod)
e:/siliconlabs/simplicitystudio/v4/developer/toolchains/gnu_arm/7.2_2017q4/bin/../lib/gcc/arm-none-eabi/7.2.1/thumb/v7e-m/fpv4-sp/softfp\libgcc.a(_udivmoddi4.o)
                              e:/siliconlabs/simplicitystudio/v4/developer/toolchains/gnu_arm/7.2_2017q4/bin/../lib/gcc/arm-none-eabi/7.2.1/thumb/v7e-m/fpv4-sp/softfp\libgcc.a(_aeabi_uldivmod.o) (__udivmoddi4)
e:/siliconlabs/simplicitystudio/v4/developer/toolchains/gnu_arm/7.2_2017q4/bin/../lib/gcc/arm-none-eabi/7.2.1/thumb/v7e-m/fpv4-sp/softfp\libgcc.a(_dvmd_tls.o)
                              e:/siliconlabs/simplicitystudio/v4/developer/toolchains/gnu_arm/7.2_2017q4/bin/../lib/gcc/arm-none-eabi/7.2.1/thumb/v7e-m/fpv4-sp/softfp\libgcc.a(_aeabi_uldivmod.o) (__aeabi_ldiv0)
e:/siliconlabs/simplicitystudio/v4/developer/toolchains/gnu_arm/7.2_2017q4/bin/../lib/gcc/arm-none-eabi/7.2.1/../../../../arm-none-eabi/lib/thumb/v7e-m/fpv4-sp/softfp\libc_nano.a(lib_a-exit.o)
                              e:/siliconlabs/simplicitystudio/v4/developer/toolchains/gnu_arm/7.2_2017q4/bin/../lib/gcc/arm-none-eabi/7.2.1/../../../../arm-none-eabi/lib/thumb/v7e-m/fpv4-sp/softfp/crt0.o (exit)
e:/siliconlabs/simplicitystudio/v4/developer/toolchains/gnu_arm/7.2_2017q4/bin/../lib/gcc/arm-none-eabi/7.2.1/../../../../arm-none-eabi/lib/thumb/v7e-m/fpv4-sp/softfp\libc_nano.a(lib_a-impure.o)
                              e:/siliconlabs/simplicitystudio/v4/developer/toolchains/gnu_arm/7.2_2017q4/bin/../lib/gcc/arm-none-eabi/7.2.1/../../../../arm-none-eabi/lib/thumb/v7e-m/fpv4-sp/softfp\libc_nano.a(lib_a-exit.o) (_global_impure_ptr)
e:/siliconlabs/simplicitystudio/v4/developer/toolchains/gnu_arm/7.2_2017q4/bin/../lib/gcc/arm-none-eabi/7.2.1/../../../../arm-none-eabi/lib/thumb/v7e-m/fpv4-sp/softfp\libc_nano.a(lib_a-init.o)
                              e:/siliconlabs/simplicitystudio/v4/developer/toolchains/gnu_arm/7.2_2017q4/bin/../lib/gcc/arm-none-eabi/7.2.1/../../../../arm-none-eabi/lib/thumb/v7e-m/fpv4-sp/softfp/crt0.o (__libc_init_array)
e:/siliconlabs/simplicitystudio/v4/developer/toolchains/gnu_arm/7.2_2017q4/bin/../lib/gcc/arm-none-eabi/7.2.1/../../../../arm-none-eabi/lib/thumb/v7e-m/fpv4-sp/softfp\libc_nano.a(lib_a-memcpy-stub.o)
                              ./Drivers/uartdrv.o (memcpy)
e:/siliconlabs/simplicitystudio/v4/developer/toolchains/gnu_arm/7.2_2017q4/bin/../lib/gcc/arm-none-eabi/7.2.1/../../../../arm-none-eabi/lib/thumb/v7e-m/fpv4-sp/softfp\libc_nano.a(lib_a-memset.o)
                              e:/siliconlabs/simplicitystudio/v4/developer/toolchains/gnu_arm/7.2_2017q4/bin/../lib/gcc/arm-none-eabi/7.2.1/../../../../arm-none-eabi/lib/thumb/v7e-m/fpv4-sp/softfp/crt0.o (memset)
e:/siliconlabs/simplicitystudio/v4/developer/toolchains/gnu_arm/7.2_2017q4/bin/../lib/gcc/arm-none-eabi/7.2.1/../../../../arm-none-eabi/lib/thumb/v7e-m/fpv4-sp/softfp\libc_nano.a(lib_a-printf.o)
                              ./src/main.o (printf)
e:/siliconlabs/simplicitystudio/v4/developer/toolchains/gnu_arm/7.2_2017q4/bin/../lib/gcc/arm-none-eabi/7.2.1/../../../../arm-none-eabi/lib/thumb/v7e-m/fpv4-sp/softfp\libc_nano.a(lib_a-findfp.o)
                              e:/siliconlabs/simplicitystudio/v4/developer/toolchains/gnu_arm/7.2_2017q4/bin/../lib/gcc/arm-none-eabi/7.2.1/../../../../arm-none-eabi/lib/thumb/v7e-m/fpv4-sp/softfp\libc_nano.a(lib_a-printf.o) (__sinit)
e:/siliconlabs/simplicitystudio/v4/developer/toolchains/gnu_arm/7.2_2017q4/bin/../lib/gcc/arm-none-eabi/7.2.1/../../../../arm-none-eabi/lib/thumb/v7e-m/fpv4-sp/softfp\libc_nano.a(lib_a-fwalk.o)
                              e:/siliconlabs/simplicitystudio/v4/developer/toolchains/gnu_arm/7.2_2017q4/bin/../lib/gcc/arm-none-eabi/7.2.1/../../../../arm-none-eabi/lib/thumb/v7e-m/fpv4-sp/softfp\libc_nano.a(lib_a-findfp.o) (_fwalk)
e:/siliconlabs/simplicitystudio/v4/developer/toolchains/gnu_arm/7.2_2017q4/bin/../lib/gcc/arm-none-eabi/7.2.1/../../../../arm-none-eabi/lib/thumb/v7e-m/fpv4-sp/softfp\libc_nano.a(lib_a-nano-mallocr.o)
                              e:/siliconlabs/simplicitystudio/v4/developer/toolchains/gnu_arm/7.2_2017q4/bin/../lib/gcc/arm-none-eabi/7.2.1/../../../../arm-none-eabi/lib/thumb/v7e-m/fpv4-sp/softfp\libc_nano.a(lib_a-findfp.o) (_malloc_r)
e:/siliconlabs/simplicitystudio/v4/developer/toolchains/gnu_arm/7.2_2017q4/bin/../lib/gcc/arm-none-eabi/7.2.1/../../../../arm-none-eabi/lib/thumb/v7e-m/fpv4-sp/softfp\libc_nano.a(lib_a-nano-vfprintf.o)
                              e:/siliconlabs/simplicitystudio/v4/developer/toolchains/gnu_arm/7.2_2017q4/bin/../lib/gcc/arm-none-eabi/7.2.1/../../../../arm-none-eabi/lib/thumb/v7e-m/fpv4-sp/softfp\libc_nano.a(lib_a-printf.o) (_vfprintf_r)
[...]
Memory Configuration

Name             Origin             Length             Attributes
FLASH            0x00000000         0x00040000         xr
RAM              0x20000000         0x00008000         xrw
*default*        0x00000000         0xffffffff

Linker script and memory map

LOAD e:/siliconlabs/simplicitystudio/v4/developer/toolchains/gnu_arm/7.2_2017q4/bin/../lib/gcc/arm-none-eabi/7.2.1/thumb/v7e-m/fpv4-sp/softfp/crti.o
LOAD e:/siliconlabs/simplicitystudio/v4/developer/toolchains/gnu_arm/7.2_2017q4/bin/../lib/gcc/arm-none-eabi/7.2.1/thumb/v7e-m/fpv4-sp/softfp/crtbegin.o
LOAD e:/siliconlabs/simplicitystudio/v4/developer/toolchains/gnu_arm/7.2_2017q4/bin/../lib/gcc/arm-none-eabi/7.2.1/../../../../arm-none-eabi/lib/thumb/v7e-m/fpv4-sp/softfp/crt0.o
LOAD ./src/main.o
LOAD ./emlib/em_acmp.o
LOAD ./emlib/em_adc.o
LOAD ./emlib/em_aes.o
LOAD ./emlib/em_assert.o
LOAD ./emlib/em_burtc.o
LOAD ./emlib/em_can.o
LOAD ./emlib/em_cmu.o
LOAD ./emlib/em_core.o
LOAD ./emlib/em_cryotimer.o
LOAD ./emlib/em_crypto.o
LOAD ./emlib/em_csen.o
LOAD ./emlib/em_dac.o
LOAD ./emlib/em_dbg.o
LOAD ./emlib/em_dma.o
LOAD ./emlib/em_ebi.o
LOAD ./emlib/em_emu.o
LOAD ./emlib/em_gpcrc.o
LOAD ./emlib/em_gpio.o
LOAD ./emlib/em_i2c.o
LOAD ./emlib/em_iadc.o
LOAD ./emlib/em_idac.o
LOAD ./emlib/em_int.o
LOAD ./emlib/em_lcd.o
LOAD ./emlib/em_ldma.o
LOAD ./emlib/em_lesense.o
LOAD ./emlib/em_letimer.o
LOAD ./emlib/em_leuart.o
LOAD ./emlib/em_mpu.o
LOAD ./emlib/em_msc.o
LOAD ./emlib/em_opamp.o
LOAD ./emlib/em_pcnt.o
LOAD ./emlib/em_pdm.o
LOAD ./emlib/em_prs.o
LOAD ./emlib/em_qspi.o
LOAD ./emlib/em_rmu.o
LOAD ./emlib/em_rtc.o
LOAD ./emlib/em_rtcc.o
LOAD ./emlib/em_se.o
LOAD ./emlib/em_system.o
LOAD ./emlib/em_timer.o
LOAD ./emlib/em_usart.o
LOAD ./emlib/em_vcmp.o
LOAD ./emlib/em_vdac.o
LOAD ./emlib/em_wdog.o
LOAD ./Drivers/dmactrl.o
LOAD ./Drivers/dmadrv.o
LOAD ./Drivers/ezradio_api_lib_add.o
LOAD ./Drivers/gpiointerrupt.o
LOAD ./Drivers/nvm.o
LOAD ./Drivers/nvm_hal.o
LOAD ./Drivers/rtcdriver.o
LOAD ./Drivers/sleep.o
LOAD ./Drivers/spidrv.o
LOAD ./Drivers/uartdrv.o
LOAD ./Drivers/ustimer.o
LOAD ./CMSIS/EFM32WG/startup_gcc_efm32wg.o
LOAD ./CMSIS/EFM32WG/system_efm32wg.o
LOAD ./led/bsp_stk_leds.o
LOAD ./extdev/ext-device.o
LOAD ./emdrv/spidrv.o
LOAD ./Drivers/ezradio_api_lib.o
LOAD ./Drivers/ezradio_auto_ack_plugin.o
LOAD ./Drivers/ezradio_comm.o
LOAD ./Drivers/ezradio_crcerror_plugin.o
LOAD ./Drivers/ezradio_direct_receive_plugin.o
LOAD ./Drivers/ezradio_direct_transmit_plugin.o
LOAD ./Drivers/ezradio_hal.o
LOAD ./Drivers/ezradio_plugin_manager.o
LOAD ./Drivers/ezradio_pn9_plugin.o
LOAD ./Drivers/ezradio_receive_plugin.o
LOAD ./Drivers/ezradio_transmit_plugin.o
LOAD ./Drivers/ezradio_unmod_carrier_plugin.o
LOAD ./Drivers/tempdrv.o
LOAD ./BSP/bsp_stk.o
START GROUP
LOAD e:/siliconlabs/simplicitystudio/v4/developer/toolchains/gnu_arm/7.2_2017q4/bin/../lib/gcc/arm-none-eabi/7.2.1/thumb/v7e-m/fpv4-sp/softfp\libgcc.a
LOAD e:/siliconlabs/simplicitystudio/v4/developer/toolchains/gnu_arm/7.2_2017q4/bin/../lib/gcc/arm-none-eabi/7.2.1/../../../../arm-none-eabi/lib/thumb/v7e-m/fpv4-sp/softfp\libc_nano.a
LOAD e:/siliconlabs/simplicitystudio/v4/developer/toolchains/gnu_arm/7.2_2017q4/bin/../lib/gcc/arm-none-eabi/7.2.1/../../../../arm-none-eabi/lib/thumb/v7e-m/fpv4-sp/softfp\libnosys.a
END GROUP
START GROUP
LOAD e:/siliconlabs/simplicitystudio/v4/developer/toolchains/gnu_arm/7.2_2017q4/bin/../lib/gcc/arm-none-eabi/7.2.1/thumb/v7e-m/fpv4-sp/softfp\libgcc.a
LOAD e:/siliconlabs/simplicitystudio/v4/developer/toolchains/gnu_arm/7.2_2017q4/bin/../lib/gcc/arm-none-eabi/7.2.1/../../../../arm-none-eabi/lib/thumb/v7e-m/fpv4-sp/softfp\libg_nano.a
LOAD e:/siliconlabs/simplicitystudio/v4/developer/toolchains/gnu_arm/7.2_2017q4/bin/../lib/gcc/arm-none-eabi/7.2.1/../../../../arm-none-eabi/lib/thumb/v7e-m/fpv4-sp/softfp\libc_nano.a
END GROUP
START GROUP
LOAD e:/siliconlabs/simplicitystudio/v4/developer/toolchains/gnu_arm/7.2_2017q4/bin/../lib/gcc/arm-none-eabi/7.2.1/thumb/v7e-m/fpv4-sp/softfp\libgcc.a
LOAD e:/siliconlabs/simplicitystudio/v4/developer/toolchains/gnu_arm/7.2_2017q4/bin/../lib/gcc/arm-none-eabi/7.2.1/../../../../arm-none-eabi/lib/thumb/v7e-m/fpv4-sp/softfp\libc_nano.a
END GROUP
LOAD e:/siliconlabs/simplicitystudio/v4/developer/toolchains/gnu_arm/7.2_2017q4/bin/../lib/gcc/arm-none-eabi/7.2.1/thumb/v7e-m/fpv4-sp/softfp/crtend.o
LOAD e:/siliconlabs/simplicitystudio/v4/developer/toolchains/gnu_arm/7.2_2017q4/bin/../lib/gcc/arm-none-eabi/7.2.1/thumb/v7e-m/fpv4-sp/softfp/crtn.o

.text           0x00000000     0x70c8
 *(.vectors)
 .vectors       0x00000000       0xe0 ./CMSIS/EFM32WG/startup_gcc_efm32wg.o
                0x00000000                __Vectors
                0x000000e0                __Vectors_End = .
                0x000000e0                __Vectors_Size = (__Vectors_End - __Vectors)
                0x000000e0                __end__ = .
 *(.text*)
 .text          0x000000e0       0x40 e:/siliconlabs/simplicitystudio/v4/developer/toolchains/gnu_arm/7.2_2017q4/bin/../lib/gcc/arm-none-eabi/7.2.1/thumb/v7e-m/fpv4-sp/softfp/crtbegin.o
 .text          0x00000120       0x74 e:/siliconlabs/simplicitystudio/v4/developer/toolchains/gnu_arm/7.2_2017q4/bin/../lib/gcc/arm-none-eabi/7.2.1/../../../../arm-none-eabi/lib/thumb/v7e-m/fpv4-sp/softfp/crt0.o
                0x00000120                _start
                0x00000120                _mainCRTStartup
 .text.GPIO_IntConfig
                0x00000194       0x36 ./src/main.o
 *fill*         0x000001ca        0x2 
 .text.CHIP_Init
                0x000001cc       0x18 ./src/main.o
 .text.GpioSetup
                0x000001e4       0x6c ./src/main.o
 .text.GPIO_PB0_IRQHandler
                0x00000250       0x34 ./src/main.o
 .text.GPIO_PB1_IRQHandler
                0x00000284       0x3c ./src/main.o
 .text.RTC_App_IRQHandler
                0x000002c0       0x18 ./src/main.o
                0x000002c0                RTC_App_IRQHandler
 .text.main     0x000002d8      0x194 ./src/main.o
                0x000002d8                main
 .text.appPacketTransmittedCallback
                0x0000046c       0x28 ./src/main.o
 .text.appPacketReceivedCallback
                0x00000494       0x64 ./src/main.o
 .text.appPacketCrcErrorCallback
                0x000004f8       0x28 ./src/main.o
 .text.BUS_RegBitWrite
                0x00000520       0x2e ./emlib/em_cmu.o
 .text.BUS_RegBitRead
                0x0000054e       0x2a ./emlib/em_cmu.o
 .text.CMU_DivToLog2
                0x00000578       0x32 ./emlib/em_cmu.o
 *fill*         0x000005aa        0x2 
 .text.SYSTEM_GetProdRev
                0x000005ac       0x1c ./emlib/em_cmu.o
 .text.setHfLeConfig
                0x000005c8       0x60 ./emlib/em_cmu.o
 .text.getHfLeConfig
                0x00000628       0x20 ./emlib/em_cmu.o
 .text.auxClkGet
                0x00000648       0xb0 ./emlib/em_cmu.o
 .text.dbgClkGet
                0x000006f8       0x40 ./emlib/em_cmu.o
 .text.flashWaitStateControl
                0x00000738       0x98 ./emlib/em_cmu.o
 .text.flashWaitStateMax
                0x000007d0       0x44 ./emlib/em_cmu.o
 .text.CMU_UpdateWaitStates
                0x00000814       0x40 ./emlib/em_cmu.o
                0x00000814                CMU_UpdateWaitStates
 .text.lfClkGet
                0x00000854       0xec ./emlib/em_cmu.o
 .text.syncReg  0x00000940       0x34 ./emlib/em_cmu.o
 .text.usbCClkGet
                0x00000974       0x4c ./emlib/em_cmu.o
 .text.hfperClkSafePrescaler
                0x000009c0        0xe ./emlib/em_cmu.o
 .text.hfperClkOptimizedPrescaler
                0x000009ce        0xe ./emlib/em_cmu.o
 .text.CMU_ClockDivSet
                0x000009dc      0x22c ./emlib/em_cmu.o
                0x000009dc                CMU_ClockDivSet
 .text.CMU_ClockEnable
                0x00000c08       0xd0 ./emlib/em_cmu.o
                0x00000c08                CMU_ClockEnable
 .text.CMU_ClockFreqGet
                0x00000cd8      0x1d8 ./emlib/em_cmu.o
                0x00000cd8                CMU_ClockFreqGet
 .text.CMU_ClockSelectGet
                0x00000eb0      0x15c ./emlib/em_cmu.o
                0x00000eb0                CMU_ClockSelectGet
 .text.CMU_ClockSelectSet
                0x0000100c      0x298 ./emlib/em_cmu.o
                0x0000100c                CMU_ClockSelectSet
 .text.CMU_OscillatorEnable
                0x000012a4       0xbc ./emlib/em_cmu.o
                0x000012a4                CMU_OscillatorEnable
 .text.__NVIC_GetPriority
                0x00001360       0x50 ./emlib/em_core.o
 .text.CORE_EnterAtomic
                0x000013b0       0x20 ./emlib/em_core.o
                0x000013b0                CORE_EnterAtomic
 .text.CORE_ExitAtomic
                0x000013d0       0x1c ./emlib/em_core.o
                0x000013d0                CORE_ExitAtomic
 .text.CORE_IrqIsBlocked
                0x000013ec       0xa8 ./emlib/em_core.o
                0x000013ec                CORE_IrqIsBlocked
 .text.CORE_NvicIRQDisabled
                0x00001494       0x54 ./emlib/em_core.o
                0x00001494                CORE_NvicIRQDisabled
 .text.__NVIC_EnableIRQ
                0x000014e8       0x3c ./emlib/em_dma.o
 .text.__NVIC_DisableIRQ
                0x00001524       0x44 ./emlib/em_dma.o
 .text.__NVIC_ClearPendingIRQ
                0x00001568       0x3c ./emlib/em_dma.o
 .text.BUS_RegBitWrite
                0x000015a4       0x2e ./emlib/em_dma.o
 *fill*         0x000015d2        0x2 
 .text.DMA_Prepare
                0x000015d4      0x118 ./emlib/em_dma.o
 .text.DMA_IRQHandler
                0x000016ec       0xdc ./emlib/em_dma.o
                0x000016ec                DMA_IRQHandler
 .text.DMA_ActivateBasic
                0x000017c8       0x44 ./emlib/em_dma.o
                0x000017c8                DMA_ActivateBasic
 .text.DMA_ActivatePingPong
                0x0000180c       0x5c ./emlib/em_dma.o
                0x0000180c                DMA_ActivatePingPong
 .text.DMA_CfgChannel
                0x00001868       0x8c ./emlib/em_dma.o
                0x00001868                DMA_CfgChannel
 .text.DMA_CfgDescr
                0x000018f4       0x70 ./emlib/em_dma.o
                0x000018f4                DMA_CfgDescr
 .text.DMA_Init
                0x00001964       0x54 ./emlib/em_dma.o
                0x00001964                DMA_Init
 .text.DMA_RefreshPingPong
                0x000019b8      0x100 ./emlib/em_dma.o
                0x000019b8                DMA_RefreshPingPong
 .text.DMA_Reset
                0x00001ab8       0x88 ./emlib/em_dma.o
                0x00001ab8                DMA_Reset
 .text.BUS_RegBitWrite
                0x00001b40       0x2e ./emlib/em_gpio.o
 .text.BUS_RegMaskedWrite
                0x00001b6e       0x2a ./emlib/em_gpio.o
 .text.GPIO_IntClear
                0x00001b98       0x20 ./emlib/em_gpio.o
 .text.GPIO_PinOutClear
                0x00001bb8       0x5c ./emlib/em_gpio.o
 .text.GPIO_PinOutSet
                0x00001c14       0x5c ./emlib/em_gpio.o
 .text.GPIO_ExtIntConfig
                0x00001c70       0xd4 ./emlib/em_gpio.o
                0x00001c70                GPIO_ExtIntConfig
 .text.GPIO_PinModeSet
                0x00001d44      0x118 ./emlib/em_gpio.o
                0x00001d44                GPIO_PinModeSet
 .text.PRS_SourceAsyncSignalSet
                0x00001e5c       0x24 ./emlib/em_prs.o
                0x00001e5c                PRS_SourceAsyncSignalSet
 .text.PRS_ConnectSignal
                0x00001e80       0x50 ./emlib/em_prs.o
                0x00001e80                PRS_ConnectSignal
 .text.BUS_RegBitWrite
                0x00001ed0       0x2e ./emlib/em_rtc.o
 *fill*         0x00001efe        0x2 
 .text.RTC_CompareGet
                0x00001f00       0x3c ./emlib/em_rtc.o
                0x00001f00                RTC_CompareGet
 .text.RTC_CompareSet
                0x00001f3c       0x3c ./emlib/em_rtc.o
                0x00001f3c                RTC_CompareSet
 .text.RTC_Enable
                0x00001f78       0x24 ./emlib/em_rtc.o
                0x00001f78                RTC_Enable
 .text.RTC_Init
                0x00001f9c       0x50 ./emlib/em_rtc.o
                0x00001f9c                RTC_Init
 .text.RTC_CounterReset
                0x00001fec       0x14 ./emlib/em_rtc.o
                0x00001fec                RTC_CounterReset
 .text.TIMER_Valid
                0x00002000       0x50 ./emlib/em_timer.o
 .text.TIMER_Init
                0x00002050       0xe8 ./emlib/em_timer.o
                0x00002050                TIMER_Init
 .text.TIMER_InitCC
                0x00002138       0x9e ./emlib/em_timer.o
                0x00002138                TIMER_InitCC
 .text.prsRxInput
                0x000021d6       0x26 ./emlib/em_usart.o
 .text.USART_BaudrateSyncSet
                0x000021fc       0x40 ./emlib/em_usart.o
                0x000021fc                USART_BaudrateSyncSet
 .text.USART_InitSync
                0x0000223c       0xdc ./emlib/em_usart.o
                0x0000223c                USART_InitSync
 .text.USART_Reset
                0x00002318       0xb0 ./emlib/em_usart.o
                0x00002318                USART_Reset
 .text.__NVIC_SetPriority
                0x000023c8       0x54 ./Drivers/dmadrv.o
 .text.DMADRV_AllocateChannel
                0x0000241c       0xb4 ./Drivers/dmadrv.o
                0x0000241c                DMADRV_AllocateChannel
 .text.DMADRV_Init
                0x000024d0       0x84 ./Drivers/dmadrv.o
                0x000024d0                DMADRV_Init
 .text.DMADRV_MemoryPeripheral
                0x00002554       0x46 ./Drivers/dmadrv.o
                0x00002554                DMADRV_MemoryPeripheral
 .text.DMADRV_PeripheralMemory
                0x0000259a       0x46 ./Drivers/dmadrv.o
                0x0000259a                DMADRV_PeripheralMemory
 .text.DmaBasicCallback
                0x000025e0       0x4c ./Drivers/dmadrv.o
 .text.DmaPingPongCallback
                0x0000262c       0x8c ./Drivers/dmadrv.o
 .text.StartTransfer
                0x000026b8      0x248 ./Drivers/dmadrv.o
 .text.ezradio_configuration_init
                0x00002900       0xac ./Drivers/ezradio_api_lib_add.o
                0x00002900                ezradio_configuration_init
 .text.__NVIC_EnableIRQ
                0x000029ac       0x3c ./Drivers/gpiointerrupt.o
 .text.__NVIC_ClearPendingIRQ
                0x000029e8       0x3c ./Drivers/gpiointerrupt.o
 .text.GPIO_IntClear
                0x00002a24       0x20 ./Drivers/gpiointerrupt.o
 .text.GPIO_IntGetEnabled
                0x00002a44       0x28 ./Drivers/gpiointerrupt.o
 .text.SL_CTZ   0x00002a6c       0x28 ./Drivers/gpiointerrupt.o
 .text.GPIOINT_Init
                0x00002a94       0x20 ./Drivers/gpiointerrupt.o
                0x00002a94                GPIOINT_Init
 .text.GPIOINT_CallbackRegister
                0x00002ab4       0x30 ./Drivers/gpiointerrupt.o
                0x00002ab4                GPIOINT_CallbackRegister
 .text.GPIOINT_IRQDispatcher
                0x00002ae4       0x50 ./Drivers/gpiointerrupt.o
 .text.GPIO_EVEN_IRQHandler
                0x00002b34       0x28 ./Drivers/gpiointerrupt.o
                0x00002b34                GPIO_EVEN_IRQHandler
 .text.GPIO_ODD_IRQHandler
                0x00002b5c       0x28 ./Drivers/gpiointerrupt.o
                0x00002b5c                GPIO_ODD_IRQHandler
 .text.__NVIC_EnableIRQ
                0x00002b84       0x3c ./Drivers/rtcdriver.o
 .text.__NVIC_ClearPendingIRQ
                0x00002bc0       0x3c ./Drivers/rtcdriver.o
 .text.RTC_CounterGet
                0x00002bfc       0x18 ./Drivers/rtcdriver.o
 .text.RTC_IntClear
                0x00002c14       0x20 ./Drivers/rtcdriver.o
 .text.RTC_IntDisable
                0x00002c34       0x28 ./Drivers/rtcdriver.o
 .text.RTC_IntEnable
                0x00002c5c       0x24 ./Drivers/rtcdriver.o
 .text.RTC_IntGetEnabled
                0x00002c80       0x24 ./Drivers/rtcdriver.o
 .text.RTCDRV_AllocateTimer
                0x00002ca4       0xa8 ./Drivers/rtcdriver.o
                0x00002ca4                RTCDRV_AllocateTimer
 .text.RTCDRV_Init
                0x00002d4c       0xa0 ./Drivers/rtcdriver.o
                0x00002d4c                RTCDRV_Init
 .text.RTCDRV_StartTimer
                0x00002dec      0x370 ./Drivers/rtcdriver.o
                0x00002dec                RTCDRV_StartTimer
 .text.RTCDRV_StopTimer
                0x0000315c       0x88 ./Drivers/rtcdriver.o
                0x0000315c                RTCDRV_StopTimer
 .text.RTC_IRQHandler
                0x000031e4       0xb8 ./Drivers/rtcdriver.o
                0x000031e4                RTC_IRQHandler
 .text.checkAllTimers
                0x0000329c      0x2d0 ./Drivers/rtcdriver.o
 .text.executeTimerCallbacks
                0x0000356c       0x64 ./Drivers/rtcdriver.o
 .text.rescheduleRtc
                0x000035d0      0x110 ./Drivers/rtcdriver.o
 .text.__NVIC_EnableIRQ
                0x000036e0       0x3c ./Drivers/ustimer.o
 .text.__NVIC_DisableIRQ
                0x0000371c       0x44 ./Drivers/ustimer.o
 .text.__NVIC_ClearPendingIRQ
                0x00003760       0x3c ./Drivers/ustimer.o
 .text.EMU_EnterEM1
                0x0000379c       0x20 ./Drivers/ustimer.o
 .text.TIMER_Valid
                0x000037bc       0x50 ./Drivers/ustimer.o
 .text.TIMER_MaxCount
                0x0000380c       0x18 ./Drivers/ustimer.o
 .text.TIMER_CompareSet
                0x00003824       0x2a ./Drivers/ustimer.o
 .text.TIMER_CounterGet
                0x0000384e       0x18 ./Drivers/ustimer.o
 .text.TIMER_Enable
                0x00003866       0x2e ./Drivers/ustimer.o
 .text.TIMER_IntClear
                0x00003894       0x1c ./Drivers/ustimer.o
 .text.TIMER_IntDisable
                0x000038b0       0x24 ./Drivers/ustimer.o
 .text.TIMER_IntEnable
                0x000038d4       0x22 ./Drivers/ustimer.o
 .text.TIMER_IntGet
                0x000038f6       0x18 ./Drivers/ustimer.o
 .text.TIMER_TopSet
                0x0000390e       0x1e ./Drivers/ustimer.o
 .text.USTIMER_Init
                0x0000392c      0x12c ./Drivers/ustimer.o
                0x0000392c                USTIMER_Init
 .text.USTIMER_DeInit
                0x00003a58       0x40 ./Drivers/ustimer.o
                0x00003a58                USTIMER_DeInit
 .text.USTIMER_Delay
                0x00003a98       0xa0 ./Drivers/ustimer.o
                0x00003a98                USTIMER_Delay
 .text.TIMER0_IRQHandler
                0x00003b38       0x38 ./Drivers/ustimer.o
                0x00003b38                TIMER0_IRQHandler
 .text.DelayTicksEM1
                0x00003b70       0x90 ./Drivers/ustimer.o
 .text          0x00003c00       0x30 ./CMSIS/EFM32WG/startup_gcc_efm32wg.o
                0x00003c00                Reset_Handler
                0x00003c2c                DebugMon_Handler
                0x00003c2c                USART0_TX_IRQHandler
                0x00003c2c                I2C0_IRQHandler
                0x00003c2c                HardFault_Handler
                0x00003c2c                LEUART1_IRQHandler
                0x00003c2c                SysTick_Handler
                0x00003c2c                USART1_RX_IRQHandler
                0x00003c2c                PendSV_Handler
                0x00003c2c                NMI_Handler
                0x00003c2c                I2C1_IRQHandler
                0x00003c2c                TIMER3_IRQHandler
                0x00003c2c                USART1_TX_IRQHandler
                0x00003c2c                MSC_IRQHandler
                0x00003c2c                ADC0_IRQHandler
                0x00003c2c                UsageFault_Handler
                0x00003c2c                LEUART0_IRQHandler
                0x00003c2c                FPUEH_IRQHandler
                0x00003c2c                UART0_TX_IRQHandler
                0x00003c2c                UART1_TX_IRQHandler
                0x00003c2c                TIMER2_IRQHandler
                0x00003c2c                LCD_IRQHandler
                0x00003c2c                PCNT2_IRQHandler
                0x00003c2c                UART0_RX_IRQHandler
                0x00003c2c                LETIMER0_IRQHandler
                0x00003c2c                TIMER1_IRQHandler
                0x00003c2c                USART2_RX_IRQHandler
                0x00003c2c                Default_Handler
                0x00003c2c                EMU_IRQHandler
                0x00003c2c                PCNT0_IRQHandler
                0x00003c2c                USB_IRQHandler
                0x00003c2c                BURTC_IRQHandler
                0x00003c2c                PCNT1_IRQHandler
                0x00003c2c                ACMP0_IRQHandler
                0x00003c2c                USART0_RX_IRQHandler
                0x00003c2c                MemManage_Handler
                0x00003c2c                SVC_Handler
                0x00003c2c                DAC0_IRQHandler
                0x00003c2c                UART1_RX_IRQHandler
                0x00003c2c                CMU_IRQHandler
                0x00003c2c                EBI_IRQHandler
                0x00003c2c                LESENSE_IRQHandler
                0x00003c2c                AES_IRQHandler
                0x00003c2c                VCMP_IRQHandler
                0x00003c2c                BusFault_Handler
                0x00003c2c                USART2_TX_IRQHandler
 .text.GetProdRev
                0x00003c30       0x1c ./CMSIS/EFM32WG/system_efm32wg.o
 .text.SystemCoreClockGet
                0x00003c4c       0x34 ./CMSIS/EFM32WG/system_efm32wg.o
                0x00003c4c                SystemCoreClockGet
 .text.SystemMaxCoreClockGet
                0x00003c80       0x14 ./CMSIS/EFM32WG/system_efm32wg.o
                0x00003c80                SystemMaxCoreClockGet
 .text.SystemHFClockGet
                0x00003c94      0x100 ./CMSIS/EFM32WG/system_efm32wg.o
                0x00003c94                SystemHFClockGet
 .text.SystemHFXOClockGet
                0x00003d94       0x18 ./CMSIS/EFM32WG/system_efm32wg.o
                0x00003d94                SystemHFXOClockGet
 .text.SystemInit
                0x00003dac       0x2c ./CMSIS/EFM32WG/system_efm32wg.o
                0x00003dac                SystemInit
 .text.SystemLFRCOClockGet
                0x00003dd8       0x12 ./CMSIS/EFM32WG/system_efm32wg.o
                0x00003dd8                SystemLFRCOClockGet
 .text.SystemULFRCOClockGet
                0x00003dea       0x12 ./CMSIS/EFM32WG/system_efm32wg.o
                0x00003dea                SystemULFRCOClockGet
 .text.SystemLFXOClockGet
                0x00003dfc       0x18 ./CMSIS/EFM32WG/system_efm32wg.o
                0x00003dfc                SystemLFXOClockGet
 .text.GPIO_PinOutSet
                0x00003e14       0x5c ./led/bsp_stk_leds.o
 .text.GPIO_PinOutToggle
                0x00003e70       0x5c ./led/bsp_stk_leds.o
 .text.BSP_LedsInit
                0x00003ecc       0x58 ./led/bsp_stk_leds.o
                0x00003ecc                BSP_LedsInit
 .text.BSP_LedSet
                0x00003f24       0x40 ./led/bsp_stk_leds.o
                0x00003f24                BSP_LedSet
 .text.BSP_LedToggle
                0x00003f64       0x40 ./led/bsp_stk_leds.o
                0x00003f64                BSP_LedToggle
 .text.SPIDRV_Init
                0x00003fa4      0x294 ./emdrv/spidrv.o
                0x00003fa4                SPIDRV_Init
 .text.SPIDRV_MReceiveB
                0x00004238       0x54 ./emdrv/spidrv.o
                0x00004238                SPIDRV_MReceiveB
 .text.SPIDRV_MTransmitB
                0x0000428c       0x54 ./emdrv/spidrv.o
                0x0000428c                SPIDRV_MTransmitB
 .text.BlockingComplete
                0x000042e0       0x26 ./emdrv/spidrv.o
 *fill*         0x00004306        0x2 
 .text.GetSpiPins
                0x00004308      0x45c ./emdrv/spidrv.o
 .text.ConfigGPIO
                0x00004764      0x182 ./emdrv/spidrv.o
 .text.RxDMAComplete
                0x000048e6       0x62 ./emdrv/spidrv.o
 .text.StartReceiveDMA
                0x00004948       0xdc ./emdrv/spidrv.o
 .text.StartTransmitDMA
                0x00004a24       0xdc ./emdrv/spidrv.o
 .text.TransferApiBlockingPrologue
                0x00004b00       0x70 ./emdrv/spidrv.o
 .text.WaitForTransferCompletion
                0x00004b70       0x4a ./emdrv/spidrv.o
 .text.ezradio_reset
                0x00004bba       0x28 ./Drivers/ezradio_api_lib.o
                0x00004bba                ezradio_reset
 .text.ezradio_part_info
                0x00004be2       0x66 ./Drivers/ezradio_api_lib.o
                0x00004be2                ezradio_part_info
 .text.ezradio_start_tx
                0x00004c48       0x4a ./Drivers/ezradio_api_lib.o
                0x00004c48                ezradio_start_tx
 .text.ezradio_start_rx
                0x00004c92       0x5e ./Drivers/ezradio_api_lib.o
                0x00004c92                ezradio_start_rx
 .text.ezradio_get_int_status
                0x00004cf0       0x72 ./Drivers/ezradio_api_lib.o
                0x00004cf0                ezradio_get_int_status
 .text.ezradio_change_state
                0x00004d62       0x26 ./Drivers/ezradio_api_lib.o
                0x00004d62                ezradio_change_state
 .text.ezradio_fifo_info
                0x00004d88       0x3e ./Drivers/ezradio_api_lib.o
                0x00004d88                ezradio_fifo_info
 .text.ezradio_write_tx_fifo
                0x00004dc6       0x20 ./Drivers/ezradio_api_lib.o
                0x00004dc6                ezradio_write_tx_fifo
 .text.ezradio_read_rx_fifo
                0x00004de6       0x20 ./Drivers/ezradio_api_lib.o
                0x00004de6                ezradio_read_rx_fifo
 .text.ezradio_request_device_state
                0x00004e06       0x36 ./Drivers/ezradio_api_lib.o
                0x00004e06                ezradio_request_device_state
 .text.ezradio_comm_GetResp
                0x00004e3c       0x78 ./Drivers/ezradio_comm.o
                0x00004e3c                ezradio_comm_GetResp
 .text.ezradio_comm_SendCmd
                0x00004eb4       0x40 ./Drivers/ezradio_comm.o
                0x00004eb4                ezradio_comm_SendCmd
 .text.ezradio_comm_ReadData
                0x00004ef4       0x54 ./Drivers/ezradio_comm.o
                0x00004ef4                ezradio_comm_ReadData
 .text.ezradio_comm_WriteData
                0x00004f48       0x54 ./Drivers/ezradio_comm.o
                0x00004f48                ezradio_comm_WriteData
 .text.ezradio_comm_PollCTS
                0x00004f9c       0x12 ./Drivers/ezradio_comm.o
                0x00004f9c                ezradio_comm_PollCTS
 *fill*         0x00004fae        0x2 
 .text.ezradio_comm_ClearCTS
                0x00004fb0       0x18 ./Drivers/ezradio_comm.o
                0x00004fb0                ezradio_comm_ClearCTS
 .text.ezradio_comm_SendCmdGetResp
                0x00004fc8       0x30 ./Drivers/ezradio_comm.o
                0x00004fc8                ezradio_comm_SendCmdGetResp
 .text.ezradioHandleCrcErrorPlugin
                0x00004ff8       0x50 ./Drivers/ezradio_crcerror_plugin.o
                0x00004ff8                ezradioHandleCrcErrorPlugin
 .text.BUS_RegBitRead
                0x00005048       0x2a ./Drivers/ezradio_hal.o
 *fill*         0x00005072        0x2 
 .text.GPIO_InputSenseSet
                0x00005074       0x34 ./Drivers/ezradio_hal.o
 .text.GPIO_PinInGet
                0x000050a8       0x54 ./Drivers/ezradio_hal.o
 .text.GPIO_PinOutClear
                0x000050fc       0x5c ./Drivers/ezradio_hal.o
 .text.GPIO_PinOutSet
                0x00005158       0x5c ./Drivers/ezradio_hal.o
 .text.GPIO_IntConfig
                0x000051b4       0x36 ./Drivers/ezradio_hal.o
 *fill*         0x000051ea        0x2 
 .text.ezradio_hal_GpioInit
                0x000051ec       0xe4 ./Drivers/ezradio_hal.o
                0x000051ec                ezradio_hal_GpioInit
 .text.ezradio_hal_SpiInit
                0x000052d0       0x2c ./Drivers/ezradio_hal.o
                0x000052d0                ezradio_hal_SpiInit
 .text.ezradio_hal_AssertShutdown
                0x000052fc       0x10 ./Drivers/ezradio_hal.o
                0x000052fc                ezradio_hal_AssertShutdown
 .text.ezradio_hal_DeassertShutdown
                0x0000530c       0x10 ./Drivers/ezradio_hal.o
                0x0000530c                ezradio_hal_DeassertShutdown
 .text.ezradio_hal_ClearNsel
                0x0000531c       0x10 ./Drivers/ezradio_hal.o
                0x0000531c                ezradio_hal_ClearNsel
 .text.ezradio_hal_SetNsel
                0x0000532c       0x10 ./Drivers/ezradio_hal.o
                0x0000532c                ezradio_hal_SetNsel
 .text.ezradio_hal_NirqLevel
                0x0000533c       0x14 ./Drivers/ezradio_hal.o
                0x0000533c                ezradio_hal_NirqLevel
 .text.ezradio_hal_SpiWriteByte
                0x00005350       0x24 ./Drivers/ezradio_hal.o
                0x00005350                ezradio_hal_SpiWriteByte
 .text.ezradio_hal_SpiReadByte
                0x00005374       0x24 ./Drivers/ezradio_hal.o
                0x00005374                ezradio_hal_SpiReadByte
 .text.ezradio_hal_SpiWriteData
                0x00005398       0x28 ./Drivers/ezradio_hal.o
                0x00005398                ezradio_hal_SpiWriteData
 .text.ezradio_hal_SpiReadData
                0x000053c0       0x28 ./Drivers/ezradio_hal.o
                0x000053c0                ezradio_hal_SpiReadData
 .text.ezradioInit
                0x000053e8       0x60 ./Drivers/ezradio_plugin_manager.o
                0x000053e8                ezradioInit
 .text.ezradioPluginManager
                0x00005448       0x5c ./Drivers/ezradio_plugin_manager.o
                0x00005448                ezradioPluginManager
 .text.ezradioResetTRxFifo
                0x000054a4       0x18 ./Drivers/ezradio_plugin_manager.o
                0x000054a4                ezradioResetTRxFifo
 .text.ezradioPowerUp
                0x000054bc       0x1c ./Drivers/ezradio_plugin_manager.o
 .text.GPIO_EZRadio_INT_IRQHandler
                0x000054d8       0x20 ./Drivers/ezradio_plugin_manager.o
 .text.ezradioStartRx
                0x000054f8       0x28 ./Drivers/ezradio_receive_plugin.o
                0x000054f8                ezradioStartRx
 .text.ezradioHandleReceivePlugin
                0x00005520       0x78 ./Drivers/ezradio_receive_plugin.o
                0x00005520                ezradioHandleReceivePlugin
 .text.ezradioStartTransmitBasic
                0x00005598       0x90 ./Drivers/ezradio_transmit_plugin.o
                0x00005598                ezradioStartTransmitBasic
 .text.ezradioStartTransmitConfigured
                0x00005628       0x98 ./Drivers/ezradio_transmit_plugin.o
                0x00005628                ezradioStartTransmitConfigured
 .text.ezradioStartTransmitCustom
                0x000056c0       0x88 ./Drivers/ezradio_transmit_plugin.o
                0x000056c0                ezradioStartTransmitCustom
 .text.ezradioStartTransmitSmart
                0x00005748       0x60 ./Drivers/ezradio_transmit_plugin.o
                0x00005748                ezradioStartTransmitSmart
 .text.ezradioStartTransmitDefault
                0x000057a8       0x34 ./Drivers/ezradio_transmit_plugin.o
                0x000057a8                ezradioStartTransmitDefault
 .text.ezradioHandleTransmitPlugin
                0x000057dc       0x40 ./Drivers/ezradio_transmit_plugin.o
                0x000057dc                ezradioHandleTransmitPlugin
 .text.ezradioStartTx
                0x0000581c       0xfc ./Drivers/ezradio_transmit_plugin.o
 .text          0x00005918       0x30 e:/siliconlabs/simplicitystudio/v4/developer/toolchains/gnu_arm/7.2_2017q4/bin/../lib/gcc/arm-none-eabi/7.2.1/thumb/v7e-m/fpv4-sp/softfp\libgcc.a(_aeabi_uldivmod.o)
                0x00005918                __aeabi_uldivmod
 .text          0x00005948      0x2cc e:/siliconlabs/simplicitystudio/v4/developer/toolchains/gnu_arm/7.2_2017q4/bin/../lib/gcc/arm-none-eabi/7.2.1/thumb/v7e-m/fpv4-sp/softfp\libgcc.a(_udivmoddi4.o)
                0x00005948                __udivmoddi4
 .text          0x00005c14        0x4 e:/siliconlabs/simplicitystudio/v4/developer/toolchains/gnu_arm/7.2_2017q4/bin/../lib/gcc/arm-none-eabi/7.2.1/thumb/v7e-m/fpv4-sp/softfp\libgcc.a(_dvmd_tls.o)
                0x00005c14                __aeabi_idiv0
                0x00005c14                __aeabi_ldiv0
 .text.exit     0x00005c18       0x28 e:/siliconlabs/simplicitystudio/v4/developer/toolchains/gnu_arm/7.2_2017q4/bin/../lib/gcc/arm-none-eabi/7.2.1/../../../../arm-none-eabi/lib/thumb/v7e-m/fpv4-sp/softfp\libc_nano.a(lib_a-exit.o)
                0x00005c18                exit
 .text.__libc_init_array
                0x00005c40       0x48 e:/siliconlabs/simplicitystudio/v4/developer/toolchains/gnu_arm/7.2_2017q4/bin/../lib/gcc/arm-none-eabi/7.2.1/../../../../arm-none-eabi/lib/thumb/v7e-m/fpv4-sp/softfp\libc_nano.a(lib_a-init.o)
                0x00005c40                __libc_init_array
 .text.memset   0x00005c88       0x10 e:/siliconlabs/simplicitystudio/v4/developer/toolchains/gnu_arm/7.2_2017q4/bin/../lib/gcc/arm-none-eabi/7.2.1/../../../../arm-none-eabi/lib/thumb/v7e-m/fpv4-sp/softfp\libc_nano.a(lib_a-memset.o)
                0x00005c88                memset
 .text.printf   0x00005c98       0x30 e:/siliconlabs/simplicitystudio/v4/developer/toolchains/gnu_arm/7.2_2017q4/bin/../lib/gcc/arm-none-eabi/7.2.1/../../../../arm-none-eabi/lib/thumb/v7e-m/fpv4-sp/softfp\libc_nano.a(lib_a-printf.o)
                0x00005c98                iprintf
                0x00005c98                printf
 .text.std      0x00005cc8       0x48 e:/siliconlabs/simplicitystudio/v4/developer/toolchains/gnu_arm/7.2_2017q4/bin/../lib/gcc/arm-none-eabi/7.2.1/../../../../arm-none-eabi/lib/thumb/v7e-m/fpv4-sp/softfp\libc_nano.a(lib_a-findfp.o)
 .text._cleanup_r
                0x00005d10        0xc e:/siliconlabs/simplicitystudio/v4/developer/toolchains/gnu_arm/7.2_2017q4/bin/../lib/gcc/arm-none-eabi/7.2.1/../../../../arm-none-eabi/lib/thumb/v7e-m/fpv4-sp/softfp\libc_nano.a(lib_a-findfp.o)
                0x00005d10                _cleanup_r
 .text.__sfmoreglue
                0x00005d1c       0x2c e:/siliconlabs/simplicitystudio/v4/developer/toolchains/gnu_arm/7.2_2017q4/bin/../lib/gcc/arm-none-eabi/7.2.1/../../../../arm-none-eabi/lib/thumb/v7e-m/fpv4-sp/softfp\libc_nano.a(lib_a-findfp.o)
                0x00005d1c                __sfmoreglue
 .text.__sinit  0x00005d48       0x60 e:/siliconlabs/simplicitystudio/v4/developer/toolchains/gnu_arm/7.2_2017q4/bin/../lib/gcc/arm-none-eabi/7.2.1/../../../../arm-none-eabi/lib/thumb/v7e-m/fpv4-sp/softfp\libc_nano.a(lib_a-findfp.o)
                0x00005d48                __sinit
 .text.__sfp    0x00005da8       0x78 e:/siliconlabs/simplicitystudio/v4/developer/toolchains/gnu_arm/7.2_2017q4/bin/../lib/gcc/arm-none-eabi/7.2.1/../../../../arm-none-eabi/lib/thumb/v7e-m/fpv4-sp/softfp\libc_nano.a(lib_a-findfp.o)
                0x00005da8                __sfp
 .text._fwalk_reent
                0x00005e20       0x3c e:/siliconlabs/simplicitystudio/v4/developer/toolchains/gnu_arm/7.2_2017q4/bin/../lib/gcc/arm-none-eabi/7.2.1/../../../../arm-none-eabi/lib/thumb/v7e-m/fpv4-sp/softfp\libc_nano.a(lib_a-fwalk.o)
                0x00005e20                _fwalk_reent
 .text._malloc_r
                0x00005e5c       0xb4 e:/siliconlabs/simplicitystudio/v4/developer/toolchains/gnu_arm/7.2_2017q4/bin/../lib/gcc/arm-none-eabi/7.2.1/../../../../arm-none-eabi/lib/thumb/v7e-m/fpv4-sp/softfp\libc_nano.a(lib_a-nano-mallocr.o)
                0x00005e5c                _malloc_r
 .text.__sfputc_r
                0x00005f10       0x2e e:/siliconlabs/simplicitystudio/v4/developer/toolchains/gnu_arm/7.2_2017q4/bin/../lib/gcc/arm-none-eabi/7.2.1/../../../../arm-none-eabi/lib/thumb/v7e-m/fpv4-sp/softfp\libc_nano.a(lib_a-nano-vfprintf.o)
 .text.__sfputs_r
                0x00005f3e       0x24 e:/siliconlabs/simplicitystudio/v4/developer/toolchains/gnu_arm/7.2_2017q4/bin/../lib/gcc/arm-none-eabi/7.2.1/../../../../arm-none-eabi/lib/thumb/v7e-m/fpv4-sp/softfp\libc_nano.a(lib_a-nano-vfprintf.o)
                0x00005f3e                __sfputs_r
 *fill*         0x00005f62        0x2 
 .text._vfprintf_r
                0x00005f64      0x228 e:/siliconlabs/simplicitystudio/v4/developer/toolchains/gnu_arm/7.2_2017q4/bin/../lib/gcc/arm-none-eabi/7.2.1/../../../../arm-none-eabi/lib/thumb/v7e-m/fpv4-sp/softfp\libc_nano.a(lib_a-nano-vfprintf.o)
                0x00005f64                _vfprintf_r
                0x00005f64                _vfiprintf_r
 .text._printf_common
                0x0000618c       0xea e:/siliconlabs/simplicitystudio/v4/developer/toolchains/gnu_arm/7.2_2017q4/bin/../lib/gcc/arm-none-eabi/7.2.1/../../../../arm-none-eabi/lib/thumb/v7e-m/fpv4-sp/softfp\libc_nano.a(lib_a-nano-vfprintf_i.o)
                0x0000618c                _printf_common
 *fill*         0x00006276        0x2 
 .text._printf_i
                0x00006278      0x224 e:/siliconlabs/simplicitystudio/v4/developer/toolchains/gnu_arm/7.2_2017q4/bin/../lib/gcc/arm-none-eabi/7.2.1/../../../../arm-none-eabi/lib/thumb/v7e-m/fpv4-sp/softfp\libc_nano.a(lib_a-nano-vfprintf_i.o)
                0x00006278                _printf_i
 .text._sbrk_r  0x0000649c       0x20 e:/siliconlabs/simplicitystudio/v4/developer/toolchains/gnu_arm/7.2_2017q4/bin/../lib/gcc/arm-none-eabi/7.2.1/../../../../arm-none-eabi/lib/thumb/v7e-m/fpv4-sp/softfp\libc_nano.a(lib_a-sbrkr.o)
                0x0000649c                _sbrk_r
 .text.__sread  0x000064bc       0x22 e:/siliconlabs/simplicitystudio/v4/developer/toolchains/gnu_arm/7.2_2017q4/bin/../lib/gcc/arm-none-eabi/7.2.1/../../../../arm-none-eabi/lib/thumb/v7e-m/fpv4-sp/softfp\libc_nano.a(lib_a-stdio.o)
                0x000064bc                __sread
 .text.__swrite
                0x000064de       0x38 e:/siliconlabs/simplicitystudio/v4/developer/toolchains/gnu_arm/7.2_2017q4/bin/../lib/gcc/arm-none-eabi/7.2.1/../../../../arm-none-eabi/lib/thumb/v7e-m/fpv4-sp/softfp\libc_nano.a(lib_a-stdio.o)
                0x000064de                __swrite
 .text.__sseek  0x00006516       0x24 e:/siliconlabs/simplicitystudio/v4/developer/toolchains/gnu_arm/7.2_2017q4/bin/../lib/gcc/arm-none-eabi/7.2.1/../../../../arm-none-eabi/lib/thumb/v7e-m/fpv4-sp/softfp\libc_nano.a(lib_a-stdio.o)
                0x00006516                __sseek
 .text.__sclose
                0x0000653a        0x8 e:/siliconlabs/simplicitystudio/v4/developer/toolchains/gnu_arm/7.2_2017q4/bin/../lib/gcc/arm-none-eabi/7.2.1/../../../../arm-none-eabi/lib/thumb/v7e-m/fpv4-sp/softfp\libc_nano.a(lib_a-stdio.o)
                0x0000653a                __sclose
 *fill*         0x00006542        0x2 
 .text.__swbuf_r
                0x00006544       0xa4 e:/siliconlabs/simplicitystudio/v4/developer/toolchains/gnu_arm/7.2_2017q4/bin/../lib/gcc/arm-none-eabi/7.2.1/../../../../arm-none-eabi/lib/thumb/v7e-m/fpv4-sp/softfp\libc_nano.a(lib_a-wbuf.o)
                0x00006544                __swbuf_r
 .text._write_r
                0x000065e8       0x24 e:/siliconlabs/simplicitystudio/v4/developer/toolchains/gnu_arm/7.2_2017q4/bin/../lib/gcc/arm-none-eabi/7.2.1/../../../../arm-none-eabi/lib/thumb/v7e-m/fpv4-sp/softfp\libc_nano.a(lib_a-writer.o)
                0x000065e8                _write_r
 .text.__swsetup_r
                0x0000660c       0xdc e:/siliconlabs/simplicitystudio/v4/developer/toolchains/gnu_arm/7.2_2017q4/bin/../lib/gcc/arm-none-eabi/7.2.1/../../../../arm-none-eabi/lib/thumb/v7e-m/fpv4-sp/softfp\libc_nano.a(lib_a-wsetup.o)
                0x0000660c                __swsetup_r
 .text._close_r
                0x000066e8       0x20 e:/siliconlabs/simplicitystudio/v4/developer/toolchains/gnu_arm/7.2_2017q4/bin/../lib/gcc/arm-none-eabi/7.2.1/../../../../arm-none-eabi/lib/thumb/v7e-m/fpv4-sp/softfp\libc_nano.a(lib_a-closer.o)
                0x000066e8                _close_r
 .text.__sflush_r
                0x00006708      0x10c e:/siliconlabs/simplicitystudio/v4/developer/toolchains/gnu_arm/7.2_2017q4/bin/../lib/gcc/arm-none-eabi/7.2.1/../../../../arm-none-eabi/lib/thumb/v7e-m/fpv4-sp/softfp\libc_nano.a(lib_a-fflush.o)
                0x00006708                __sflush_r
 .text._fflush_r
                0x00006814       0x54 e:/siliconlabs/simplicitystudio/v4/developer/toolchains/gnu_arm/7.2_2017q4/bin/../lib/gcc/arm-none-eabi/7.2.1/../../../../arm-none-eabi/lib/thumb/v7e-m/fpv4-sp/softfp\libc_nano.a(lib_a-fflush.o)
                0x00006814                _fflush_r
 .text._lseek_r
                0x00006868       0x24 e:/siliconlabs/simplicitystudio/v4/developer/toolchains/gnu_arm/7.2_2017q4/bin/../lib/gcc/arm-none-eabi/7.2.1/../../../../arm-none-eabi/lib/thumb/v7e-m/fpv4-sp/softfp\libc_nano.a(lib_a-lseekr.o)
                0x00006868                _lseek_r
 .text.__swhatbuf_r
                0x0000688c       0x48 e:/siliconlabs/simplicitystudio/v4/developer/toolchains/gnu_arm/7.2_2017q4/bin/../lib/gcc/arm-none-eabi/7.2.1/../../../../arm-none-eabi/lib/thumb/v7e-m/fpv4-sp/softfp\libc_nano.a(lib_a-makebuf.o)
                0x0000688c                __swhatbuf_r
 .text.__smakebuf_r
                0x000068d4       0x80 e:/siliconlabs/simplicitystudio/v4/developer/toolchains/gnu_arm/7.2_2017q4/bin/../lib/gcc/arm-none-eabi/7.2.1/../../../../arm-none-eabi/lib/thumb/v7e-m/fpv4-sp/softfp\libc_nano.a(lib_a-makebuf.o)
                0x000068d4                __smakebuf_r
 *fill*         0x00006954        0xc 
 .text          0x00006960       0xa0 e:/siliconlabs/simplicitystudio/v4/developer/toolchains/gnu_arm/7.2_2017q4/bin/../lib/gcc/arm-none-eabi/7.2.1/../../../../arm-none-eabi/lib/thumb/v7e-m/fpv4-sp/softfp\libc_nano.a(lib_a-memchr.o)
                0x00006960                memchr
 .text.__malloc_lock
                0x00006a00        0x2 e:/siliconlabs/simplicitystudio/v4/developer/toolchains/gnu_arm/7.2_2017q4/bin/../lib/gcc/arm-none-eabi/7.2.1/../../../../arm-none-eabi/lib/thumb/v7e-m/fpv4-sp/softfp\libc_nano.a(lib_a-mlock.o)
                0x00006a00                __malloc_lock
 .text.__malloc_unlock
                0x00006a02        0x2 e:/siliconlabs/simplicitystudio/v4/developer/toolchains/gnu_arm/7.2_2017q4/bin/../lib/gcc/arm-none-eabi/7.2.1/../../../../arm-none-eabi/lib/thumb/v7e-m/fpv4-sp/softfp\libc_nano.a(lib_a-mlock.o)
                0x00006a02                __malloc_unlock
 .text._free_r  0x00006a04       0x9c e:/siliconlabs/simplicitystudio/v4/developer/toolchains/gnu_arm/7.2_2017q4/bin/../lib/gcc/arm-none-eabi/7.2.1/../../../../arm-none-eabi/lib/thumb/v7e-m/fpv4-sp/softfp\libc_nano.a(lib_a-nano-freer.o)
                0x00006a04                _free_r
 .text._read_r  0x00006aa0       0x24 e:/siliconlabs/simplicitystudio/v4/developer/toolchains/gnu_arm/7.2_2017q4/bin/../lib/gcc/arm-none-eabi/7.2.1/../../../../arm-none-eabi/lib/thumb/v7e-m/fpv4-sp/softfp\libc_nano.a(lib_a-readr.o)
                0x00006aa0                _read_r
 .text._fstat_r
                0x00006ac4       0x24 e:/siliconlabs/simplicitystudio/v4/developer/toolchains/gnu_arm/7.2_2017q4/bin/../lib/gcc/arm-none-eabi/7.2.1/../../../../arm-none-eabi/lib/thumb/v7e-m/fpv4-sp/softfp\libc_nano.a(lib_a-fstatr.o)
                0x00006ac4                _fstat_r
 .text._isatty_r
                0x00006ae8       0x20 e:/siliconlabs/simplicitystudio/v4/developer/toolchains/gnu_arm/7.2_2017q4/bin/../lib/gcc/arm-none-eabi/7.2.1/../../../../arm-none-eabi/lib/thumb/v7e-m/fpv4-sp/softfp\libc_nano.a(lib_a-isattyr.o)
                0x00006ae8                _isatty_r
 .text._close   0x00006b08       0x10 e:/siliconlabs/simplicitystudio/v4/developer/toolchains/gnu_arm/7.2_2017q4/bin/../lib/gcc/arm-none-eabi/7.2.1/../../../../arm-none-eabi/lib/thumb/v7e-m/fpv4-sp/softfp\libnosys.a(close.o)
                0x00006b08                _close
 .text._fstat   0x00006b18       0x10 e:/siliconlabs/simplicitystudio/v4/developer/toolchains/gnu_arm/7.2_2017q4/bin/../lib/gcc/arm-none-eabi/7.2.1/../../../../arm-none-eabi/lib/thumb/v7e-m/fpv4-sp/softfp\libnosys.a(fstat.o)
                0x00006b18                _fstat
 .text._isatty  0x00006b28       0x10 e:/siliconlabs/simplicitystudio/v4/developer/toolchains/gnu_arm/7.2_2017q4/bin/../lib/gcc/arm-none-eabi/7.2.1/../../../../arm-none-eabi/lib/thumb/v7e-m/fpv4-sp/softfp\libnosys.a(isatty.o)
                0x00006b28                _isatty
 .text._lseek   0x00006b38       0x10 e:/siliconlabs/simplicitystudio/v4/developer/toolchains/gnu_arm/7.2_2017q4/bin/../lib/gcc/arm-none-eabi/7.2.1/../../../../arm-none-eabi/lib/thumb/v7e-m/fpv4-sp/softfp\libnosys.a(lseek.o)
                0x00006b38                _lseek
 .text._read    0x00006b48       0x10 e:/siliconlabs/simplicitystudio/v4/developer/toolchains/gnu_arm/7.2_2017q4/bin/../lib/gcc/arm-none-eabi/7.2.1/../../../../arm-none-eabi/lib/thumb/v7e-m/fpv4-sp/softfp\libnosys.a(read.o)
                0x00006b48                _read
 .text._sbrk    0x00006b58       0x1c e:/siliconlabs/simplicitystudio/v4/developer/toolchains/gnu_arm/7.2_2017q4/bin/../lib/gcc/arm-none-eabi/7.2.1/../../../../arm-none-eabi/lib/thumb/v7e-m/fpv4-sp/softfp\libnosys.a(sbrk.o)
                0x00006b58                _sbrk
 .text._write   0x00006b74       0x10 e:/siliconlabs/simplicitystudio/v4/developer/toolchains/gnu_arm/7.2_2017q4/bin/../lib/gcc/arm-none-eabi/7.2.1/../../../../arm-none-eabi/lib/thumb/v7e-m/fpv4-sp/softfp\libnosys.a(write.o)
                0x00006b74                _write
 .text._exit    0x00006b84        0x4 e:/siliconlabs/simplicitystudio/v4/developer/toolchains/gnu_arm/7.2_2017q4/bin/../lib/gcc/arm-none-eabi/7.2.1/../../../../arm-none-eabi/lib/thumb/v7e-m/fpv4-sp/softfp\libnosys.a(_exit.o)
                0x00006b84                _exit
 *(.init)
 .init          0x00006b88        0x4 e:/siliconlabs/simplicitystudio/v4/developer/toolchains/gnu_arm/7.2_2017q4/bin/../lib/gcc/arm-none-eabi/7.2.1/thumb/v7e-m/fpv4-sp/softfp/crti.o
                0x00006b88                _init
 .init          0x00006b8c        0x8 e:/siliconlabs/simplicitystudio/v4/developer/toolchains/gnu_arm/7.2_2017q4/bin/../lib/gcc/arm-none-eabi/7.2.1/thumb/v7e-m/fpv4-sp/softfp/crtn.o
 *(.fini)
 .fini          0x00006b94        0x4 e:/siliconlabs/simplicitystudio/v4/developer/toolchains/gnu_arm/7.2_2017q4/bin/../lib/gcc/arm-none-eabi/7.2.1/thumb/v7e-m/fpv4-sp/softfp/crti.o
                0x00006b94                _fini
 .fini          0x00006b98        0x8 e:/siliconlabs/simplicitystudio/v4/developer/toolchains/gnu_arm/7.2_2017q4/bin/../lib/gcc/arm-none-eabi/7.2.1/thumb/v7e-m/fpv4-sp/softfp/crtn.o
 *crtbegin.o(.ctors)
 *crtbegin?.o(.ctors)
 *(EXCLUDE_FILE(*crtend.o *crtend?.o) .ctors)
 *(SORT_BY_NAME(.ctors.*))
 *(.ctors)
 *crtbegin.o(.dtors)
 *crtbegin?.o(.dtors)
 *(EXCLUDE_FILE(*crtend.o *crtend?.o) .dtors)
 *(SORT_BY_NAME(.dtors.*))
 *(.dtors)
 *(.rodata*)
 .rodata        0x00006ba0       0xf3 ./src/main.o
 *fill*         0x00006c93        0x1 
 .rodata.initRTC
                0x00006c94        0x3 ./Drivers/rtcdriver.o
 *fill*         0x00006c97        0x1 
 .rodata.ledArray
                0x00006c98       0x10 ./led/bsp_stk_leds.o
 .rodata        0x00006ca8       0x18 ./emdrv/spidrv.o
 .rodata.Radio_Configuration_Data_Array
                0x00006cc0      0x33a ./Drivers/ezradio_plugin_manager.o
 *fill*         0x00006ffa        0x2 
 .rodata        0x00006ffc       0x24 ./Drivers/ezradio_plugin_manager.o
 .rodata        0x00007020        0xa ./Drivers/ezradio_transmit_plugin.o
 *fill*         0x0000702a        0x2 
 .rodata._global_impure_ptr
                0x0000702c        0x4 e:/siliconlabs/simplicitystudio/v4/developer/toolchains/gnu_arm/7.2_2017q4/bin/../lib/gcc/arm-none-eabi/7.2.1/../../../../arm-none-eabi/lib/thumb/v7e-m/fpv4-sp/softfp\libc_nano.a(lib_a-impure.o)
                0x0000702c                _global_impure_ptr
 .rodata.__sf_fake_stderr
                0x00007030       0x20 e:/siliconlabs/simplicitystudio/v4/developer/toolchains/gnu_arm/7.2_2017q4/bin/../lib/gcc/arm-none-eabi/7.2.1/../../../../arm-none-eabi/lib/thumb/v7e-m/fpv4-sp/softfp\libc_nano.a(lib_a-findfp.o)
                0x00007030                __sf_fake_stderr
 .rodata.__sf_fake_stdin
                0x00007050       0x20 e:/siliconlabs/simplicitystudio/v4/developer/toolchains/gnu_arm/7.2_2017q4/bin/../lib/gcc/arm-none-eabi/7.2.1/../../../../arm-none-eabi/lib/thumb/v7e-m/fpv4-sp/softfp\libc_nano.a(lib_a-findfp.o)
                0x00007050                __sf_fake_stdin
 .rodata.__sf_fake_stdout
                0x00007070       0x20 e:/siliconlabs/simplicitystudio/v4/developer/toolchains/gnu_arm/7.2_2017q4/bin/../lib/gcc/arm-none-eabi/7.2.1/../../../../arm-none-eabi/lib/thumb/v7e-m/fpv4-sp/softfp\libc_nano.a(lib_a-findfp.o)
                0x00007070                __sf_fake_stdout
 .rodata._vfprintf_r.str1.1
                0x00007090       0x11 e:/siliconlabs/simplicitystudio/v4/developer/toolchains/gnu_arm/7.2_2017q4/bin/../lib/gcc/arm-none-eabi/7.2.1/../../../../arm-none-eabi/lib/thumb/v7e-m/fpv4-sp/softfp\libc_nano.a(lib_a-nano-vfprintf.o)
 .rodata._printf_i.str1.1
                0x000070a1       0x22 e:/siliconlabs/simplicitystudio/v4/developer/toolchains/gnu_arm/7.2_2017q4/bin/../lib/gcc/arm-none-eabi/7.2.1/../../../../arm-none-eabi/lib/thumb/v7e-m/fpv4-sp/softfp\libc_nano.a(lib_a-nano-vfprintf_i.o)
 *(.eh_frame*)
 *fill*         0x000070c3        0x1 
 .eh_frame      0x000070c4        0x0 e:/siliconlabs/simplicitystudio/v4/developer/toolchains/gnu_arm/7.2_2017q4/bin/../lib/gcc/arm-none-eabi/7.2.1/thumb/v7e-m/fpv4-sp/softfp/crtbegin.o
 .eh_frame      0x000070c4        0x4 e:/siliconlabs/simplicitystudio/v4/developer/toolchains/gnu_arm/7.2_2017q4/bin/../lib/gcc/arm-none-eabi/7.2.1/thumb/v7e-m/fpv4-sp/softfp/crtend.o

.glue_7         0x000070c8        0x0
 .glue_7        0x000070c8        0x0 linker stubs

.glue_7t        0x000070c8        0x0
 .glue_7t       0x000070c8        0x0 linker stubs

.vfp11_veneer   0x000070c8        0x0
 .vfp11_veneer  0x000070c8        0x0 linker stubs

.v4_bx          0x000070c8        0x0
 .v4_bx         0x000070c8        0x0 linker stubs

.iplt           0x000070c8        0x0
 .iplt          0x000070c8        0x0 e:/siliconlabs/simplicitystudio/v4/developer/toolchains/gnu_arm/7.2_2017q4/bin/../lib/gcc/arm-none-eabi/7.2.1/thumb/v7e-m/fpv4-sp/softfp/crtbegin.o

.ARM.extab
 *(.ARM.extab* .gnu.linkonce.armextab.*)
                0x000070c8                __exidx_start = .

.ARM.exidx      0x000070c8        0x8
 *(.ARM.exidx* .gnu.linkonce.armexidx.*)
 .ARM.exidx     0x000070c8        0x8 e:/siliconlabs/simplicitystudio/v4/developer/toolchains/gnu_arm/7.2_2017q4/bin/../lib/gcc/arm-none-eabi/7.2.1/../../../../arm-none-eabi/lib/thumb/v7e-m/fpv4-sp/softfp/crt0.o
 .ARM.exidx     0x000070d0        0x0 e:/siliconlabs/simplicitystudio/v4/developer/toolchains/gnu_arm/7.2_2017q4/bin/../lib/gcc/arm-none-eabi/7.2.1/thumb/v7e-m/fpv4-sp/softfp\libgcc.a(_udivmoddi4.o)
                                  0x8 (size before relaxing)
                0x000070d0                __exidx_end = .
                0x000070d0                __etext = .

.rel.dyn        0x000070d0        0x0
 .rel.iplt      0x000070d0        0x0 e:/siliconlabs/simplicitystudio/v4/developer/toolchains/gnu_arm/7.2_2017q4/bin/../lib/gcc/arm-none-eabi/7.2.1/thumb/v7e-m/fpv4-sp/softfp/crtbegin.o

.data           0x20000000       0xd8 load address 0x000070d0
                0x20000000                __data_start__ = .
 *(vtable)
 *(.data*)
 .data.radioTxPkt
                0x20000000       0x40 ./src/main.o
 .data.SystemHFXOClock
                0x20000040        0x4 ./CMSIS/EFM32WG/system_efm32wg.o
 .data.SystemLFXOClock
                0x20000044        0x4 ./CMSIS/EFM32WG/system_efm32wg.o
 .data.SystemCoreClock
                0x20000048        0x4 ./CMSIS/EFM32WG/system_efm32wg.o
                0x20000048                SystemCoreClock
 .data.ezradioSpiHandlePtr
                0x2000004c        0x4 ./Drivers/ezradio_hal.o
 .data.ezradioSpiInitData
                0x20000050       0x1c ./Drivers/ezradio_hal.o
 .data._impure_ptr
                0x2000006c        0x4 e:/siliconlabs/simplicitystudio/v4/developer/toolchains/gnu_arm/7.2_2017q4/bin/../lib/gcc/arm-none-eabi/7.2.1/../../../../arm-none-eabi/lib/thumb/v7e-m/fpv4-sp/softfp\libc_nano.a(lib_a-impure.o)
                0x2000006c                _impure_ptr
 .data.impure_data
                0x20000070       0x60 e:/siliconlabs/simplicitystudio/v4/developer/toolchains/gnu_arm/7.2_2017q4/bin/../lib/gcc/arm-none-eabi/7.2.1/../../../../arm-none-eabi/lib/thumb/v7e-m/fpv4-sp/softfp\libc_nano.a(lib_a-impure.o)
                0x200000d0                . = ALIGN (0x4)
 *(.ram)
                0x200000d0                . = ALIGN (0x4)
                0x200000d0                PROVIDE (__preinit_array_start, .)
 *(.preinit_array)
                0x200000d0                PROVIDE (__preinit_array_end, .)
                0x200000d0                . = ALIGN (0x4)
                0x200000d0                PROVIDE (__init_array_start, .)
 *(SORT_BY_NAME(.init_array.*))
 *(.init_array)
 .init_array    0x200000d0        0x4 e:/siliconlabs/simplicitystudio/v4/developer/toolchains/gnu_arm/7.2_2017q4/bin/../lib/gcc/arm-none-eabi/7.2.1/thumb/v7e-m/fpv4-sp/softfp/crtbegin.o
                0x200000d4                PROVIDE (__init_array_end, .)
                0x200000d4                . = ALIGN (0x4)
                [!provide]                PROVIDE (__fini_array_start, .)
 *(SORT_BY_NAME(.fini_array.*))
 *(.fini_array)
 .fini_array    0x200000d4        0x4 e:/siliconlabs/simplicitystudio/v4/developer/toolchains/gnu_arm/7.2_2017q4/bin/../lib/gcc/arm-none-eabi/7.2.1/thumb/v7e-m/fpv4-sp/softfp/crtbegin.o
                [!provide]                PROVIDE (__fini_array_end, .)
 *(.jcr*)
                0x200000d8                . = ALIGN (0x4)
                0x200000d8                __data_end__ = .

.igot.plt       0x200000d8        0x0 load address 0x000071a8
 .igot.plt      0x200000d8        0x0 e:/siliconlabs/simplicitystudio/v4/developer/toolchains/gnu_arm/7.2_2017q4/bin/../lib/gcc/arm-none-eabi/7.2.1/thumb/v7e-m/fpv4-sp/softfp/crtbegin.o

.bss            0x20000100      0x604 load address 0x00007200
                0x20000100                . = ALIGN (0x4)
                0x20000100                __bss_start__ = .
 *(.bss*)
 .bss           0x20000100       0x1c e:/siliconlabs/simplicitystudio/v4/developer/toolchains/gnu_arm/7.2_2017q4/bin/../lib/gcc/arm-none-eabi/7.2.1/thumb/v7e-m/fpv4-sp/softfp/crtbegin.o
 .bss.appTxPktCntr
                0x2000011c        0x2 ./src/main.o
 .bss.appTxActive
                0x2000011e        0x1 ./src/main.o
 *fill*         0x2000011f        0x1 
 .bss.appDataCntr
                0x20000120        0x2 ./src/main.o
 *fill*         0x20000122        0x2 
 .bss.radioRxPkt
                0x20000124       0x40 ./src/main.o
 .bss.rtcTick   0x20000164        0x1 ./src/main.o
 *fill*         0x20000165        0x3 
 .bss.rtcTickTimer
                0x20000168        0x4 ./src/main.o
 .bss.initialized
                0x2000016c        0x1 ./Drivers/dmadrv.o
 *fill*         0x2000016d        0x3 
 .bss.chTable   0x20000170       0xf0 ./Drivers/dmadrv.o
 .bss.dmaCallBack
                0x20000260       0x90 ./Drivers/dmadrv.o
 .bss.gpioCallbacks
                0x200002f0       0x40 ./Drivers/gpiointerrupt.o
 .bss.timer     0x20000330       0xa0 ./Drivers/rtcdriver.o
 .bss.lastStart
                0x200003d0        0x4 ./Drivers/rtcdriver.o
 .bss.startTimerNestingLevel
                0x200003d4        0x4 ./Drivers/rtcdriver.o
 .bss.inTimerIRQ
                0x200003d8        0x1 ./Drivers/rtcdriver.o
 .bss.rtcRunning
                0x200003d9        0x1 ./Drivers/rtcdriver.o
 .bss.rtcdrvIsInitialized
                0x200003da        0x1 ./Drivers/rtcdriver.o
 *fill*         0x200003db        0x1 
 .bss.freq      0x200003dc        0x4 ./Drivers/ustimer.o
 .bss.minTicks  0x200003e0        0x4 ./Drivers/ustimer.o
 .bss.timeElapsed
                0x200003e4        0x1 ./Drivers/ustimer.o
 .bss.spidrvIsInitialized
                0x200003e5        0x1 ./emdrv/spidrv.o
 .bss.ezradio_comm_CtsWentHigh
                0x200003e6        0x1 ./Drivers/ezradio_comm.o
                0x200003e6                ezradio_comm_CtsWentHigh
 *fill*         0x200003e7        0x1 
 .bss.ezradioSpiHandle
                0x200003e8       0x58 ./Drivers/ezradio_hal.o
 .bss.ezradioIrqReceived
                0x20000440        0x1 ./Drivers/ezradio_plugin_manager.o
 *fill*         0x20000441        0x3 
 .bss.__malloc_free_list
                0x20000444        0x4 e:/siliconlabs/simplicitystudio/v4/developer/toolchains/gnu_arm/7.2_2017q4/bin/../lib/gcc/arm-none-eabi/7.2.1/../../../../arm-none-eabi/lib/thumb/v7e-m/fpv4-sp/softfp\libc_nano.a(lib_a-nano-mallocr.o)
                0x20000444                __malloc_free_list
 .bss.__malloc_sbrk_start
                0x20000448        0x4 e:/siliconlabs/simplicitystudio/v4/developer/toolchains/gnu_arm/7.2_2017q4/bin/../lib/gcc/arm-none-eabi/7.2.1/../../../../arm-none-eabi/lib/thumb/v7e-m/fpv4-sp/softfp\libc_nano.a(lib_a-nano-mallocr.o)
                0x20000448                __malloc_sbrk_start
 .bss.heap_end.5377
                0x2000044c        0x4 e:/siliconlabs/simplicitystudio/v4/developer/toolchains/gnu_arm/7.2_2017q4/bin/../lib/gcc/arm-none-eabi/7.2.1/../../../../arm-none-eabi/lib/thumb/v7e-m/fpv4-sp/softfp\libnosys.a(sbrk.o)
 *(COMMON)
 *fill*         0x20000450       0xb0 
 COMMON         0x20000500      0x200 ./Drivers/dmactrl.o
                0x20000500                dmaControlBlock
 COMMON         0x20000700        0x4 e:/siliconlabs/simplicitystudio/v4/developer/toolchains/gnu_arm/7.2_2017q4/bin/../lib/gcc/arm-none-eabi/7.2.1/../../../../arm-none-eabi/lib/thumb/v7e-m/fpv4-sp/softfp\libc_nano.a(lib_a-reent.o)
                0x20000700                errno
                0x20000704                . = ALIGN (0x4)
                0x20000704                __bss_end__ = .

.heap           0x20000708      0xc00
                0x20000708                __HeapBase = .
                0x20000708                __end__ = .
                0x20000708                end = __end__
                0x20000708                _end = __end__
 *(.heap*)
 .heap          0x20000708      0xc00 ./CMSIS/EFM32WG/startup_gcc_efm32wg.o
                0x20001308                __HeapLimit = .

.stack_dummy    0x20000708      0x400
 *(.stack*)
 .stack         0x20000708      0x400 ./CMSIS/EFM32WG/startup_gcc_efm32wg.o
                0x20008000                __StackTop = (ORIGIN (RAM) + LENGTH (RAM))
                0x20007c00                __StackLimit = (__StackTop - SIZEOF (.stack_dummy))
                0x20008000                PROVIDE (__stack, __StackTop)
                0x00000001                ASSERT ((__StackLimit >= __HeapLimit), region RAM overflowed with stack)
                0x00000001                ASSERT ((LENGTH (FLASH) >= (__etext + SIZEOF (.data))), FLASH memory overflowed !)
OUTPUT(EFM32WG-Si446x.axf elf32-littlearm)

.ARM.attributes
                0x00000000       0x2e
 .ARM.attributes
                0x00000000       0x22 e:/siliconlabs/simplicitystudio/v4/developer/toolchains/gnu_arm/7.2_2017q4/bin/../lib/gcc/arm-none-eabi/7.2.1/thumb/v7e-m/fpv4-sp/softfp/crti.o
 .ARM.attributes
                0x00000022       0x32 e:/siliconlabs/simplicitystudio/v4/developer/toolchains/gnu_arm/7.2_2017q4/bin/../lib/gcc/arm-none-eabi/7.2.1/thumb/v7e-m/fpv4-sp/softfp/crtbegin.o
 .ARM.attributes
                0x00000054       0x20 e:/siliconlabs/simplicitystudio/v4/developer/toolchains/gnu_arm/7.2_2017q4/bin/../lib/gcc/arm-none-eabi/7.2.1/../../../../arm-none-eabi/lib/thumb/v7e-m/fpv4-sp/softfp/crt0.o
 .ARM.attributes
                0x00000074       0x37 ./src/main.o
 .ARM.attributes
                0x000000ab       0x37 ./emlib/em_cmu.o
 .ARM.attributes
                0x000000e2       0x37 ./emlib/em_core.o
 .ARM.attributes
                0x00000119       0x37 ./emlib/em_dma.o
 .ARM.attributes
                0x00000150       0x37 ./emlib/em_gpio.o
 .ARM.attributes
                0x00000187       0x37 ./emlib/em_prs.o
 .ARM.attributes
                0x000001be       0x37 ./emlib/em_rtc.o
 .ARM.attributes
                0x000001f5       0x37 ./emlib/em_timer.o
 .ARM.attributes
                0x0000022c       0x37 ./emlib/em_usart.o
 .ARM.attributes
                0x00000263       0x37 ./Drivers/dmactrl.o
 .ARM.attributes
                0x0000029a       0x37 ./Drivers/dmadrv.o
 .ARM.attributes
                0x000002d1       0x37 ./Drivers/ezradio_api_lib_add.o
 .ARM.attributes
                0x00000308       0x37 ./Drivers/gpiointerrupt.o
 .ARM.attributes
                0x0000033f       0x37 ./Drivers/rtcdriver.o
 .ARM.attributes
                0x00000376       0x37 ./Drivers/ustimer.o
 .ARM.attributes
                0x000003ad       0x1f ./CMSIS/EFM32WG/startup_gcc_efm32wg.o
 .ARM.attributes
                0x000003cc       0x37 ./CMSIS/EFM32WG/system_efm32wg.o
 .ARM.attributes
                0x00000403       0x37 ./led/bsp_stk_leds.o
 .ARM.attributes
                0x0000043a       0x37 ./emdrv/spidrv.o
 .ARM.attributes
                0x00000471       0x37 ./Drivers/ezradio_api_lib.o
 .ARM.attributes
                0x000004a8       0x37 ./Drivers/ezradio_comm.o
 .ARM.attributes
                0x000004df       0x37 ./Drivers/ezradio_crcerror_plugin.o
 .ARM.attributes
                0x00000516       0x37 ./Drivers/ezradio_hal.o
 .ARM.attributes
                0x0000054d       0x37 ./Drivers/ezradio_plugin_manager.o
 .ARM.attributes
                0x00000584       0x37 ./Drivers/ezradio_receive_plugin.o
 .ARM.attributes
                0x000005bb       0x37 ./Drivers/ezradio_transmit_plugin.o
 .ARM.attributes
                0x000005f2       0x22 e:/siliconlabs/simplicitystudio/v4/developer/toolchains/gnu_arm/7.2_2017q4/bin/../lib/gcc/arm-none-eabi/7.2.1/thumb/v7e-m/fpv4-sp/softfp\libgcc.a(_aeabi_uldivmod.o)
 .ARM.attributes
                0x00000614       0x32 e:/siliconlabs/simplicitystudio/v4/developer/toolchains/gnu_arm/7.2_2017q4/bin/../lib/gcc/arm-none-eabi/7.2.1/thumb/v7e-m/fpv4-sp/softfp\libgcc.a(_udivmoddi4.o)
 .ARM.attributes
                0x00000646       0x22 e:/siliconlabs/simplicitystudio/v4/developer/toolchains/gnu_arm/7.2_2017q4/bin/../lib/gcc/arm-none-eabi/7.2.1/thumb/v7e-m/fpv4-sp/softfp\libgcc.a(_dvmd_tls.o)
 .ARM.attributes
                0x00000668       0x32 e:/siliconlabs/simplicitystudio/v4/developer/toolchains/gnu_arm/7.2_2017q4/bin/../lib/gcc/arm-none-eabi/7.2.1/../../../../arm-none-eabi/lib/thumb/v7e-m/fpv4-sp/softfp\libc_nano.a(lib_a-exit.o)
 .ARM.attributes
                0x0000069a       0x32 e:/siliconlabs/simplicitystudio/v4/developer/toolchains/gnu_arm/7.2_2017q4/bin/../lib/gcc/arm-none-eabi/7.2.1/../../../../arm-none-eabi/lib/thumb/v7e-m/fpv4-sp/softfp\libc_nano.a(lib_a-impure.o)
 .ARM.attributes
                0x000006cc       0x32 e:/siliconlabs/simplicitystudio/v4/developer/toolchains/gnu_arm/7.2_2017q4/bin/../lib/gcc/arm-none-eabi/7.2.1/../../../../arm-none-eabi/lib/thumb/v7e-m/fpv4-sp/softfp\libc_nano.a(lib_a-init.o)
 .ARM.attributes
                0x000006fe       0x32 e:/siliconlabs/simplicitystudio/v4/developer/toolchains/gnu_arm/7.2_2017q4/bin/../lib/gcc/arm-none-eabi/7.2.1/../../../../arm-none-eabi/lib/thumb/v7e-m/fpv4-sp/softfp\libc_nano.a(lib_a-memset.o)
 .ARM.attributes
                0x00000730       0x32 e:/siliconlabs/simplicitystudio/v4/developer/toolchains/gnu_arm/7.2_2017q4/bin/../lib/gcc/arm-none-eabi/7.2.1/../../../../arm-none-eabi/lib/thumb/v7e-m/fpv4-sp/softfp\libc_nano.a(lib_a-printf.o)
 .ARM.attributes
                0x00000762       0x32 e:/siliconlabs/simplicitystudio/v4/developer/toolchains/gnu_arm/7.2_2017q4/bin/../lib/gcc/arm-none-eabi/7.2.1/../../../../arm-none-eabi/lib/thumb/v7e-m/fpv4-sp/softfp\libc_nano.a(lib_a-findfp.o)
 .ARM.attributes
                0x00000794       0x32 e:/siliconlabs/simplicitystudio/v4/developer/toolchains/gnu_arm/7.2_2017q4/bin/../lib/gcc/arm-none-eabi/7.2.1/../../../../arm-none-eabi/lib/thumb/v7e-m/fpv4-sp/softfp\libc_nano.a(lib_a-fwalk.o)
 .ARM.attributes
                0x000007c6       0x32 e:/siliconlabs/simplicitystudio/v4/developer/toolchains/gnu_arm/7.2_2017q4/bin/../lib/gcc/arm-none-eabi/7.2.1/../../../../arm-none-eabi/lib/thumb/v7e-m/fpv4-sp/softfp\libc_nano.a(lib_a-nano-mallocr.o)
 .ARM.attributes
                0x000007f8       0x32 e:/siliconlabs/simplicitystudio/v4/developer/toolchains/gnu_arm/7.2_2017q4/bin/../lib/gcc/arm-none-eabi/7.2.1/../../../../arm-none-eabi/lib/thumb/v7e-m/fpv4-sp/softfp\libc_nano.a(lib_a-nano-vfprintf.o)
 .ARM.attributes
                0x0000082a       0x32 e:/siliconlabs/simplicitystudio/v4/developer/toolchains/gnu_arm/7.2_2017q4/bin/../lib/gcc/arm-none-eabi/7.2.1/../../../../arm-none-eabi/lib/thumb/v7e-m/fpv4-sp/softfp\libc_nano.a(lib_a-nano-vfprintf_i.o)
 .ARM.attributes
                0x0000085c       0x32 e:/siliconlabs/simplicitystudio/v4/developer/toolchains/gnu_arm/7.2_2017q4/bin/../lib/gcc/arm-none-eabi/7.2.1/../../../../arm-none-eabi/lib/thumb/v7e-m/fpv4-sp/softfp\libc_nano.a(lib_a-sbrkr.o)
 .ARM.attributes
                0x0000088e       0x32 e:/siliconlabs/simplicitystudio/v4/developer/toolchains/gnu_arm/7.2_2017q4/bin/../lib/gcc/arm-none-eabi/7.2.1/../../../../arm-none-eabi/lib/thumb/v7e-m/fpv4-sp/softfp\libc_nano.a(lib_a-stdio.o)
 .ARM.attributes
                0x000008c0       0x32 e:/siliconlabs/simplicitystudio/v4/developer/toolchains/gnu_arm/7.2_2017q4/bin/../lib/gcc/arm-none-eabi/7.2.1/../../../../arm-none-eabi/lib/thumb/v7e-m/fpv4-sp/softfp\libc_nano.a(lib_a-wbuf.o)
 .ARM.attributes
                0x000008f2       0x32 e:/siliconlabs/simplicitystudio/v4/developer/toolchains/gnu_arm/7.2_2017q4/bin/../lib/gcc/arm-none-eabi/7.2.1/../../../../arm-none-eabi/lib/thumb/v7e-m/fpv4-sp/softfp\libc_nano.a(lib_a-writer.o)
 .ARM.attributes
                0x00000924       0x32 e:/siliconlabs/simplicitystudio/v4/developer/toolchains/gnu_arm/7.2_2017q4/bin/../lib/gcc/arm-none-eabi/7.2.1/../../../../arm-none-eabi/lib/thumb/v7e-m/fpv4-sp/softfp\libc_nano.a(lib_a-wsetup.o)
 .ARM.attributes
                0x00000956       0x32 e:/siliconlabs/simplicitystudio/v4/developer/toolchains/gnu_arm/7.2_2017q4/bin/../lib/gcc/arm-none-eabi/7.2.1/../../../../arm-none-eabi/lib/thumb/v7e-m/fpv4-sp/softfp\libc_nano.a(lib_a-closer.o)
 .ARM.attributes
                0x00000988       0x32 e:/siliconlabs/simplicitystudio/v4/developer/toolchains/gnu_arm/7.2_2017q4/bin/../lib/gcc/arm-none-eabi/7.2.1/../../../../arm-none-eabi/lib/thumb/v7e-m/fpv4-sp/softfp\libc_nano.a(lib_a-fflush.o)
 .ARM.attributes
                0x000009ba       0x32 e:/siliconlabs/simplicitystudio/v4/developer/toolchains/gnu_arm/7.2_2017q4/bin/../lib/gcc/arm-none-eabi/7.2.1/../../../../arm-none-eabi/lib/thumb/v7e-m/fpv4-sp/softfp\libc_nano.a(lib_a-lseekr.o)
 .ARM.attributes
                0x000009ec       0x32 e:/siliconlabs/simplicitystudio/v4/developer/toolchains/gnu_arm/7.2_2017q4/bin/../lib/gcc/arm-none-eabi/7.2.1/../../../../arm-none-eabi/lib/thumb/v7e-m/fpv4-sp/softfp\libc_nano.a(lib_a-makebuf.o)
 .ARM.attributes
                0x00000a1e       0x20 e:/siliconlabs/simplicitystudio/v4/developer/toolchains/gnu_arm/7.2_2017q4/bin/../lib/gcc/arm-none-eabi/7.2.1/../../../../arm-none-eabi/lib/thumb/v7e-m/fpv4-sp/softfp\libc_nano.a(lib_a-memchr.o)
 .ARM.attributes
                0x00000a3e       0x32 e:/siliconlabs/simplicitystudio/v4/developer/toolchains/gnu_arm/7.2_2017q4/bin/../lib/gcc/arm-none-eabi/7.2.1/../../../../arm-none-eabi/lib/thumb/v7e-m/fpv4-sp/softfp\libc_nano.a(lib_a-mlock.o)
 .ARM.attributes
                0x00000a70       0x32 e:/siliconlabs/simplicitystudio/v4/developer/toolchains/gnu_arm/7.2_2017q4/bin/../lib/gcc/arm-none-eabi/7.2.1/../../../../arm-none-eabi/lib/thumb/v7e-m/fpv4-sp/softfp\libc_nano.a(lib_a-nano-freer.o)
 .ARM.attributes
                0x00000aa2       0x32 e:/siliconlabs/simplicitystudio/v4/developer/toolchains/gnu_arm/7.2_2017q4/bin/../lib/gcc/arm-none-eabi/7.2.1/../../../../arm-none-eabi/lib/thumb/v7e-m/fpv4-sp/softfp\libc_nano.a(lib_a-readr.o)
 .ARM.attributes
                0x00000ad4       0x32 e:/siliconlabs/simplicitystudio/v4/developer/toolchains/gnu_arm/7.2_2017q4/bin/../lib/gcc/arm-none-eabi/7.2.1/../../../../arm-none-eabi/lib/thumb/v7e-m/fpv4-sp/softfp\libc_nano.a(lib_a-reent.o)
 .ARM.attributes
                0x00000b06       0x32 e:/siliconlabs/simplicitystudio/v4/developer/toolchains/gnu_arm/7.2_2017q4/bin/../lib/gcc/arm-none-eabi/7.2.1/../../../../arm-none-eabi/lib/thumb/v7e-m/fpv4-sp/softfp\libc_nano.a(lib_a-fstatr.o)
 .ARM.attributes
                0x00000b38       0x32 e:/siliconlabs/simplicitystudio/v4/developer/toolchains/gnu_arm/7.2_2017q4/bin/../lib/gcc/arm-none-eabi/7.2.1/../../../../arm-none-eabi/lib/thumb/v7e-m/fpv4-sp/softfp\libc_nano.a(lib_a-isattyr.o)
 .ARM.attributes
                0x00000b6a       0x32 e:/siliconlabs/simplicitystudio/v4/developer/toolchains/gnu_arm/7.2_2017q4/bin/../lib/gcc/arm-none-eabi/7.2.1/../../../../arm-none-eabi/lib/thumb/v7e-m/fpv4-sp/softfp\libnosys.a(close.o)
 .ARM.attributes
                0x00000b9c       0x32 e:/siliconlabs/simplicitystudio/v4/developer/toolchains/gnu_arm/7.2_2017q4/bin/../lib/gcc/arm-none-eabi/7.2.1/../../../../arm-none-eabi/lib/thumb/v7e-m/fpv4-sp/softfp\libnosys.a(fstat.o)
 .ARM.attributes
                0x00000bce       0x32 e:/siliconlabs/simplicitystudio/v4/developer/toolchains/gnu_arm/7.2_2017q4/bin/../lib/gcc/arm-none-eabi/7.2.1/../../../../arm-none-eabi/lib/thumb/v7e-m/fpv4-sp/softfp\libnosys.a(isatty.o)
 .ARM.attributes
                0x00000c00       0x32 e:/siliconlabs/simplicitystudio/v4/developer/toolchains/gnu_arm/7.2_2017q4/bin/../lib/gcc/arm-none-eabi/7.2.1/../../../../arm-none-eabi/lib/thumb/v7e-m/fpv4-sp/softfp\libnosys.a(lseek.o)
 .ARM.attributes
                0x00000c32       0x32 e:/siliconlabs/simplicitystudio/v4/developer/toolchains/gnu_arm/7.2_2017q4/bin/../lib/gcc/arm-none-eabi/7.2.1/../../../../arm-none-eabi/lib/thumb/v7e-m/fpv4-sp/softfp\libnosys.a(read.o)
 .ARM.attributes
                0x00000c64       0x32 e:/siliconlabs/simplicitystudio/v4/developer/toolchains/gnu_arm/7.2_2017q4/bin/../lib/gcc/arm-none-eabi/7.2.1/../../../../arm-none-eabi/lib/thumb/v7e-m/fpv4-sp/softfp\libnosys.a(sbrk.o)
 .ARM.attributes
                0x00000c96       0x32 e:/siliconlabs/simplicitystudio/v4/developer/toolchains/gnu_arm/7.2_2017q4/bin/../lib/gcc/arm-none-eabi/7.2.1/../../../../arm-none-eabi/lib/thumb/v7e-m/fpv4-sp/softfp\libnosys.a(write.o)
 .ARM.attributes
                0x00000cc8       0x32 e:/siliconlabs/simplicitystudio/v4/developer/toolchains/gnu_arm/7.2_2017q4/bin/../lib/gcc/arm-none-eabi/7.2.1/../../../../arm-none-eabi/lib/thumb/v7e-m/fpv4-sp/softfp\libnosys.a(_exit.o)
 .ARM.attributes
                0x00000cfa       0x32 e:/siliconlabs/simplicitystudio/v4/developer/toolchains/gnu_arm/7.2_2017q4/bin/../lib/gcc/arm-none-eabi/7.2.1/thumb/v7e-m/fpv4-sp/softfp/crtend.o
 .ARM.attributes
                0x00000d2c       0x22 e:/siliconlabs/simplicitystudio/v4/developer/toolchains/gnu_arm/7.2_2017q4/bin/../lib/gcc/arm-none-eabi/7.2.1/thumb/v7e-m/fpv4-sp/softfp/crtn.o

.comment        0x00000000       0x7e
 .comment       0x00000000       0x7e ./src/main.o
                                 0x7f (size before relaxing)
 .comment       0x0000007e       0x7f ./emlib/em_cmu.o
 .comment       0x0000007e       0x7f ./emlib/em_core.o
 .comment       0x0000007e       0x7f ./emlib/em_dma.o
 .comment       0x0000007e       0x7f ./emlib/em_gpio.o
 .comment       0x0000007e       0x7f ./emlib/em_prs.o
 .comment       0x0000007e       0x7f ./emlib/em_rtc.o
 .comment       0x0000007e       0x7f ./emlib/em_timer.o
 .comment       0x0000007e       0x7f ./emlib/em_usart.o
 .comment       0x0000007e       0x7f ./Drivers/dmactrl.o
 .comment       0x0000007e       0x7f ./Drivers/dmadrv.o
 .comment       0x0000007e       0x7f ./Drivers/ezradio_api_lib_add.o
 .comment       0x0000007e       0x7f ./Drivers/gpiointerrupt.o
 .comment       0x0000007e       0x7f ./Drivers/rtcdriver.o
 .comment       0x0000007e       0x7f ./Drivers/ustimer.o
 .comment       0x0000007e       0x7f ./CMSIS/EFM32WG/system_efm32wg.o
 .comment       0x0000007e       0x7f ./led/bsp_stk_leds.o
 .comment       0x0000007e       0x7f ./emdrv/spidrv.o
 .comment       0x0000007e       0x7f ./Drivers/ezradio_api_lib.o
 .comment       0x0000007e       0x7f ./Drivers/ezradio_comm.o
 .comment       0x0000007e       0x7f ./Drivers/ezradio_crcerror_plugin.o
 .comment       0x0000007e       0x7f ./Drivers/ezradio_hal.o
 .comment       0x0000007e       0x7f ./Drivers/ezradio_plugin_manager.o
 .comment       0x0000007e       0x7f ./Drivers/ezradio_receive_plugin.o
 .comment       0x0000007e       0x7f ./Drivers/ezradio_transmit_plugin.o

.debug_info     0x00000000    0x16bfe
 .debug_info    0x00000000     0x18b6 ./src/main.o
 .debug_info    0x000018b6     0x130c ./emlib/em_cmu.o
 .debug_info    0x00002bc2      0xd4e ./emlib/em_core.o
 .debug_info    0x00003910     0x1c4e ./emlib/em_dma.o
 .debug_info    0x0000555e      0x69a ./emlib/em_gpio.o
 .debug_info    0x00005bf8      0x592 ./emlib/em_prs.o
 .debug_info    0x0000618a      0x345 ./emlib/em_rtc.o
 .debug_info    0x000064cf      0x963 ./emlib/em_timer.o
 .debug_info    0x00006e32      0xef6 ./emlib/em_usart.o
 .debug_info    0x00007d28      0x132 ./Drivers/dmactrl.o
 .debug_info    0x00007e5a     0x20aa ./Drivers/dmadrv.o
 .debug_info    0x00009f04      0x9dd ./Drivers/ezradio_api_lib_add.o
 .debug_info    0x0000a8e1      0x7a1 ./Drivers/gpiointerrupt.o
 .debug_info    0x0000b082     0x16d5 ./Drivers/rtcdriver.o
 .debug_info    0x0000c757     0x1125 ./Drivers/ustimer.o
 .debug_info    0x0000d87c       0x26 ./CMSIS/EFM32WG/startup_gcc_efm32wg.o
 .debug_info    0x0000d8a2      0x75b ./CMSIS/EFM32WG/system_efm32wg.o
 .debug_info    0x0000dffd      0x7e9 ./led/bsp_stk_leds.o
 .debug_info    0x0000e7e6     0x257d ./emdrv/spidrv.o
 .debug_info    0x00010d63     0x115b ./Drivers/ezradio_api_lib.o
 .debug_info    0x00011ebe      0x2d2 ./Drivers/ezradio_comm.o
 .debug_info    0x00012190      0x947 ./Drivers/ezradio_crcerror_plugin.o
 .debug_info    0x00012ad7     0x18e7 ./Drivers/ezradio_hal.o
 .debug_info    0x000143be     0x133e ./Drivers/ezradio_plugin_manager.o
 .debug_info    0x000156fc      0x9a8 ./Drivers/ezradio_receive_plugin.o
 .debug_info    0x000160a4      0xb5a ./Drivers/ezradio_transmit_plugin.o

.debug_abbrev   0x00000000     0x3586
 .debug_abbrev  0x00000000      0x2d5 ./src/main.o
 .debug_abbrev  0x000002d5      0x2c6 ./emlib/em_cmu.o
 .debug_abbrev  0x0000059b      0x266 ./emlib/em_core.o
 .debug_abbrev  0x00000801      0x325 ./emlib/em_dma.o
 .debug_abbrev  0x00000b26      0x1ed ./emlib/em_gpio.o
 .debug_abbrev  0x00000d13      0x1b6 ./emlib/em_prs.o
 .debug_abbrev  0x00000ec9      0x1a7 ./emlib/em_rtc.o
 .debug_abbrev  0x00001070      0x1d2 ./emlib/em_timer.o
 .debug_abbrev  0x00001242      0x1f7 ./emlib/em_usart.o
 .debug_abbrev  0x00001439       0xa1 ./Drivers/dmactrl.o
 .debug_abbrev  0x000014da      0x334 ./Drivers/dmadrv.o
 .debug_abbrev  0x0000180e      0x157 ./Drivers/ezradio_api_lib_add.o
 .debug_abbrev  0x00001965      0x259 ./Drivers/gpiointerrupt.o
 .debug_abbrev  0x00001bbe      0x374 ./Drivers/rtcdriver.o
 .debug_abbrev  0x00001f32      0x29a ./Drivers/ustimer.o
 .debug_abbrev  0x000021cc       0x14 ./CMSIS/EFM32WG/startup_gcc_efm32wg.o
 .debug_abbrev  0x000021e0      0x1b2 ./CMSIS/EFM32WG/system_efm32wg.o
 .debug_abbrev  0x00002392      0x19f ./led/bsp_stk_leds.o
 .debug_abbrev  0x00002531      0x329 ./emdrv/spidrv.o
 .debug_abbrev  0x0000285a      0x192 ./Drivers/ezradio_api_lib.o
 .debug_abbrev  0x000029ec      0x145 ./Drivers/ezradio_comm.o
 .debug_abbrev  0x00002b31      0x172 ./Drivers/ezradio_crcerror_plugin.o
 .debug_abbrev  0x00002ca3      0x2c9 ./Drivers/ezradio_hal.o
 .debug_abbrev  0x00002f6c      0x28b ./Drivers/ezradio_plugin_manager.o
 .debug_abbrev  0x000031f7      0x1b0 ./Drivers/ezradio_receive_plugin.o
 .debug_abbrev  0x000033a7      0x1df ./Drivers/ezradio_transmit_plugin.o

.debug_loc      0x00000000     0x76d0
 .debug_loc     0x00000000      0x2e6 ./src/main.o
 .debug_loc     0x000002e6      0xdb8 ./emlib/em_cmu.o
 .debug_loc     0x0000109e      0x88c ./emlib/em_core.o
 .debug_loc     0x0000192a      0x72c ./emlib/em_dma.o
 .debug_loc     0x00002056      0x420 ./emlib/em_gpio.o
 .debug_loc     0x00002476      0x26c ./emlib/em_prs.o
 .debug_loc     0x000026e2      0x28c ./emlib/em_rtc.o
 .debug_loc     0x0000296e      0x2b0 ./emlib/em_timer.o
 .debug_loc     0x00002c1e      0x7da ./emlib/em_usart.o
 .debug_loc     0x000033f8      0x665 ./Drivers/dmadrv.o
 .debug_loc     0x00003a5d      0x1e0 ./Drivers/ezradio_api_lib_add.o
 .debug_loc     0x00003c3d      0x338 ./Drivers/gpiointerrupt.o
 .debug_loc     0x00003f75      0x6e2 ./Drivers/rtcdriver.o
 .debug_loc     0x00004657      0x6d8 ./Drivers/ustimer.o
 .debug_loc     0x00004d2f      0x31c ./CMSIS/EFM32WG/system_efm32wg.o
 .debug_loc     0x0000504b      0x3f0 ./led/bsp_stk_leds.o
 .debug_loc     0x0000543b      0xb25 ./emdrv/spidrv.o
 .debug_loc     0x00005f60      0xbe0 ./Drivers/ezradio_api_lib.o
 .debug_loc     0x00006b40      0x200 ./Drivers/ezradio_comm.o
 .debug_loc     0x00006d40       0x50 ./Drivers/ezradio_crcerror_plugin.o
 .debug_loc     0x00006d90      0x4f8 ./Drivers/ezradio_hal.o
 .debug_loc     0x00007288      0x154 ./Drivers/ezradio_plugin_manager.o
 .debug_loc     0x000073dc       0xa0 ./Drivers/ezradio_receive_plugin.o
 .debug_loc     0x0000747c      0x254 ./Drivers/ezradio_transmit_plugin.o

.debug_aranges  0x00000000      0xe20
 .debug_aranges
                0x00000000       0x68 ./src/main.o
 .debug_aranges
                0x00000068      0x170 ./emlib/em_cmu.o
 .debug_aranges
                0x000001d8       0xe8 ./emlib/em_core.o
 .debug_aranges
                0x000002c0       0xc0 ./emlib/em_dma.o
 .debug_aranges
                0x00000380       0x78 ./emlib/em_gpio.o
 .debug_aranges
                0x000003f8       0x50 ./emlib/em_prs.o
 .debug_aranges
                0x00000448       0x58 ./emlib/em_rtc.o
 .debug_aranges
                0x000004a0       0x58 ./emlib/em_timer.o
 .debug_aranges
                0x000004f8       0xd0 ./emlib/em_usart.o
 .debug_aranges
                0x000005c8       0x18 ./Drivers/dmactrl.o
 .debug_aranges
                0x000005e0       0xb8 ./Drivers/dmadrv.o
 .debug_aranges
                0x00000698       0x48 ./Drivers/ezradio_api_lib_add.o
 .debug_aranges
                0x000006e0       0x68 ./Drivers/gpiointerrupt.o
 .debug_aranges
                0x00000748       0xc8 ./Drivers/rtcdriver.o
 .debug_aranges
                0x00000810       0xc0 ./Drivers/ustimer.o
 .debug_aranges
                0x000008d0       0x20 ./CMSIS/EFM32WG/startup_gcc_efm32wg.o
 .debug_aranges
                0x000008f0       0x70 ./CMSIS/EFM32WG/system_efm32wg.o
 .debug_aranges
                0x00000960       0x78 ./led/bsp_stk_leds.o
 .debug_aranges
                0x000009d8      0x130 ./emdrv/spidrv.o
 .debug_aranges
                0x00000b08      0x148 ./Drivers/ezradio_api_lib.o
 .debug_aranges
                0x00000c50       0x50 ./Drivers/ezradio_comm.o
 .debug_aranges
                0x00000ca0       0x20 ./Drivers/ezradio_crcerror_plugin.o
 .debug_aranges
                0x00000cc0       0xa8 ./Drivers/ezradio_hal.o
 .debug_aranges
                0x00000d68       0x40 ./Drivers/ezradio_plugin_manager.o
 .debug_aranges
                0x00000da8       0x28 ./Drivers/ezradio_receive_plugin.o
 .debug_aranges
                0x00000dd0       0x50 ./Drivers/ezradio_transmit_plugin.o

.debug_ranges   0x00000000      0xc68
 .debug_ranges  0x00000000       0x58 ./src/main.o
 .debug_ranges  0x00000058      0x160 ./emlib/em_cmu.o
 .debug_ranges  0x000001b8       0xd8 ./emlib/em_core.o
 .debug_ranges  0x00000290       0xb0 ./emlib/em_dma.o
 .debug_ranges  0x00000340       0x68 ./emlib/em_gpio.o
 .debug_ranges  0x000003a8       0x40 ./emlib/em_prs.o
 .debug_ranges  0x000003e8       0x48 ./emlib/em_rtc.o
 .debug_ranges  0x00000430       0x48 ./emlib/em_timer.o
 .debug_ranges  0x00000478       0xc0 ./emlib/em_usart.o
 .debug_ranges  0x00000538       0xa8 ./Drivers/dmadrv.o
 .debug_ranges  0x000005e0       0x38 ./Drivers/ezradio_api_lib_add.o
 .debug_ranges  0x00000618       0x58 ./Drivers/gpiointerrupt.o
 .debug_ranges  0x00000670       0xb8 ./Drivers/rtcdriver.o
 .debug_ranges  0x00000728       0xb0 ./Drivers/ustimer.o
 .debug_ranges  0x000007d8       0x60 ./CMSIS/EFM32WG/system_efm32wg.o
 .debug_ranges  0x00000838       0x68 ./led/bsp_stk_leds.o
 .debug_ranges  0x000008a0      0x120 ./emdrv/spidrv.o
 .debug_ranges  0x000009c0      0x138 ./Drivers/ezradio_api_lib.o
 .debug_ranges  0x00000af8       0x40 ./Drivers/ezradio_comm.o
 .debug_ranges  0x00000b38       0x10 ./Drivers/ezradio_crcerror_plugin.o
 .debug_ranges  0x00000b48       0x98 ./Drivers/ezradio_hal.o
 .debug_ranges  0x00000be0       0x30 ./Drivers/ezradio_plugin_manager.o
 .debug_ranges  0x00000c10       0x18 ./Drivers/ezradio_receive_plugin.o
 .debug_ranges  0x00000c28       0x40 ./Drivers/ezradio_transmit_plugin.o

.debug_line     0x00000000     0x8f01
 .debug_line    0x00000000      0x69b ./src/main.o
 .debug_line    0x0000069b      0xa61 ./emlib/em_cmu.o
 .debug_line    0x000010fc      0x605 ./emlib/em_core.o
 .debug_line    0x00001701      0x657 ./emlib/em_dma.o
 .debug_line    0x00001d58      0x49f ./emlib/em_gpio.o
 .debug_line    0x000021f7      0x35e ./emlib/em_prs.o
 .debug_line    0x00002555      0x362 ./emlib/em_rtc.o
 .debug_line    0x000028b7      0x588 ./emlib/em_timer.o
 .debug_line    0x00002e3f      0x62d ./emlib/em_usart.o
 .debug_line    0x0000346c      0x240 ./Drivers/dmactrl.o
 .debug_line    0x000036ac      0x739 ./Drivers/dmadrv.o
 .debug_line    0x00003de5      0x3ef ./Drivers/ezradio_api_lib_add.o
 .debug_line    0x000041d4      0x44c ./Drivers/gpiointerrupt.o
 .debug_line    0x00004620      0x766 ./Drivers/rtcdriver.o
 .debug_line    0x00004d86      0x598 ./Drivers/ustimer.o
 .debug_line    0x0000531e       0x72 ./CMSIS/EFM32WG/startup_gcc_efm32wg.o
 .debug_line    0x00005390      0x33c ./CMSIS/EFM32WG/system_efm32wg.o
 .debug_line    0x000056cc      0x4b1 ./led/bsp_stk_leds.o
 .debug_line    0x00005b7d      0xed2 ./emdrv/spidrv.o
 .debug_line    0x00006a4f      0x73e ./Drivers/ezradio_api_lib.o
 .debug_line    0x0000718d      0x34d ./Drivers/ezradio_comm.o
 .debug_line    0x000074da      0x407 ./Drivers/ezradio_crcerror_plugin.o
 .debug_line    0x000078e1      0x7b9 ./Drivers/ezradio_hal.o
 .debug_line    0x0000809a      0x584 ./Drivers/ezradio_plugin_manager.o
 .debug_line    0x0000861e      0x423 ./Drivers/ezradio_receive_plugin.o
 .debug_line    0x00008a41      0x4c0 ./Drivers/ezradio_transmit_plugin.o

.debug_str      0x00000000     0x6483
 .debug_str     0x00000000     0x14b5 ./src/main.o
                               0x159e (size before relaxing)
 .debug_str     0x000014b5      0x809 ./emlib/em_cmu.o
                                0xe0a (size before relaxing)
 .debug_str     0x00001cbe      0x614 ./emlib/em_core.o
                                0x891 (size before relaxing)
 .debug_str     0x000022d2      0x5cc ./emlib/em_dma.o
                               0x11b0 (size before relaxing)
 .debug_str     0x0000289e      0x1fb ./emlib/em_gpio.o
                                0x642 (size before relaxing)
 .debug_str     0x00002a99      0x529 ./emlib/em_prs.o
                                0x757 (size before relaxing)
 .debug_str     0x00002fc2       0xb8 ./emlib/em_rtc.o
                                0x314 (size before relaxing)
 .debug_str     0x0000307a      0x700 ./emlib/em_timer.o
                                0x983 (size before relaxing)
 .debug_str     0x0000377a      0x78f ./emlib/em_usart.o
                                0xc6b (size before relaxing)
 .debug_str     0x00003f09       0x25 ./Drivers/dmactrl.o
                                0x264 (size before relaxing)
 .debug_str     0x00003f2e      0xbf4 ./Drivers/dmadrv.o
                               0x1b16 (size before relaxing)
 .debug_str     0x00004b22      0x226 ./Drivers/ezradio_api_lib_add.o
                                0x9be (size before relaxing)
 .debug_str     0x00004d48       0xe2 ./Drivers/gpiointerrupt.o
                                0x6f6 (size before relaxing)
 .debug_str     0x00004e2a      0x2a1 ./Drivers/rtcdriver.o
                                0xff8 (size before relaxing)
 .debug_str     0x000050cb      0x14d ./Drivers/ustimer.o
                                0xede (size before relaxing)
 .debug_str     0x00005218       0x36 ./CMSIS/EFM32WG/startup_gcc_efm32wg.o
                                 0x89 (size before relaxing)
 .debug_str     0x0000524e      0x106 ./CMSIS/EFM32WG/system_efm32wg.o
                                0x535 (size before relaxing)
 .debug_str     0x00005354       0xae ./led/bsp_stk_leds.o
                                0x7cd (size before relaxing)
 .debug_str     0x00005402      0x61f ./emdrv/spidrv.o
                               0x1fe5 (size before relaxing)
 .debug_str     0x00005a21      0x500 ./Drivers/ezradio_api_lib.o
                                0xcd9 (size before relaxing)
 .debug_str     0x00005f21       0xfa ./Drivers/ezradio_comm.o
                                0x35d (size before relaxing)
 .debug_str     0x0000601b       0x77 ./Drivers/ezradio_crcerror_plugin.o
                                0xb03 (size before relaxing)
 .debug_str     0x00006092      0x1bd ./Drivers/ezradio_hal.o
                               0x19e4 (size before relaxing)
 .debug_str     0x0000624f       0xc5 ./Drivers/ezradio_plugin_manager.o
                                0xff6 (size before relaxing)
 .debug_str     0x00006314       0x5e ./Drivers/ezradio_receive_plugin.o
                                0xb35 (size before relaxing)
 .debug_str     0x00006372      0x111 ./Drivers/ezradio_transmit_plugin.o
                                0xc07 (size before relaxing)

.debug_frame    0x00000000     0x4028
 .debug_frame   0x00000000      0x170 ./src/main.o
 .debug_frame   0x00000170      0x64c ./emlib/em_cmu.o
 .debug_frame   0x000007bc      0x3dc ./emlib/em_core.o
 .debug_frame   0x00000b98      0x338 ./emlib/em_dma.o
 .debug_frame   0x00000ed0      0x1e0 ./emlib/em_gpio.o
 .debug_frame   0x000010b0      0x120 ./emlib/em_prs.o
 .debug_frame   0x000011d0      0x138 ./emlib/em_rtc.o
 .debug_frame   0x00001308      0x140 ./emlib/em_timer.o
 .debug_frame   0x00001448      0x388 ./emlib/em_usart.o
 .debug_frame   0x000017d0      0x2f0 ./Drivers/dmadrv.o
 .debug_frame   0x00001ac0       0xf4 ./Drivers/ezradio_api_lib_add.o
 .debug_frame   0x00001bb4      0x184 ./Drivers/gpiointerrupt.o
 .debug_frame   0x00001d38      0x350 ./Drivers/rtcdriver.o
 .debug_frame   0x00002088      0x338 ./Drivers/ustimer.o
 .debug_frame   0x000023c0      0x180 ./CMSIS/EFM32WG/system_efm32wg.o
 .debug_frame   0x00002540      0x1d0 ./led/bsp_stk_leds.o
 .debug_frame   0x00002710      0x524 ./emdrv/spidrv.o
 .debug_frame   0x00002c34      0x578 ./Drivers/ezradio_api_lib.o
 .debug_frame   0x000031ac      0x100 ./Drivers/ezradio_comm.o
 .debug_frame   0x000032ac       0x34 ./Drivers/ezradio_crcerror_plugin.o
 .debug_frame   0x000032e0      0x27c ./Drivers/ezradio_hal.o
 .debug_frame   0x0000355c       0xb8 ./Drivers/ezradio_plugin_manager.o
 .debug_frame   0x00003614       0x58 ./Drivers/ezradio_receive_plugin.o
 .debug_frame   0x0000366c      0x120 ./Drivers/ezradio_transmit_plugin.o
 .debug_frame   0x0000378c       0x2c e:/siliconlabs/simplicitystudio/v4/developer/toolchains/gnu_arm/7.2_2017q4/bin/../lib/gcc/arm-none-eabi/7.2.1/thumb/v7e-m/fpv4-sp/softfp\libgcc.a(_aeabi_uldivmod.o)
 .debug_frame   0x000037b8       0x34 e:/siliconlabs/simplicitystudio/v4/developer/toolchains/gnu_arm/7.2_2017q4/bin/../lib/gcc/arm-none-eabi/7.2.1/thumb/v7e-m/fpv4-sp/softfp\libgcc.a(_udivmoddi4.o)
 .debug_frame   0x000037ec       0x28 e:/siliconlabs/simplicitystudio/v4/developer/toolchains/gnu_arm/7.2_2017q4/bin/../lib/gcc/arm-none-eabi/7.2.1/../../../../arm-none-eabi/lib/thumb/v7e-m/fpv4-sp/softfp\libc_nano.a(lib_a-exit.o)
 .debug_frame   0x00003814       0x2c e:/siliconlabs/simplicitystudio/v4/developer/toolchains/gnu_arm/7.2_2017q4/bin/../lib/gcc/arm-none-eabi/7.2.1/../../../../arm-none-eabi/lib/thumb/v7e-m/fpv4-sp/softfp\libc_nano.a(lib_a-init.o)
 .debug_frame   0x00003840       0x20 e:/siliconlabs/simplicitystudio/v4/developer/toolchains/gnu_arm/7.2_2017q4/bin/../lib/gcc/arm-none-eabi/7.2.1/../../../../arm-none-eabi/lib/thumb/v7e-m/fpv4-sp/softfp\libc_nano.a(lib_a-memset.o)
 .debug_frame   0x00003860       0x74 e:/siliconlabs/simplicitystudio/v4/developer/toolchains/gnu_arm/7.2_2017q4/bin/../lib/gcc/arm-none-eabi/7.2.1/../../../../arm-none-eabi/lib/thumb/v7e-m/fpv4-sp/softfp\libc_nano.a(lib_a-printf.o)
 .debug_frame   0x000038d4      0x11c e:/siliconlabs/simplicitystudio/v4/developer/toolchains/gnu_arm/7.2_2017q4/bin/../lib/gcc/arm-none-eabi/7.2.1/../../../../arm-none-eabi/lib/thumb/v7e-m/fpv4-sp/softfp\libc_nano.a(lib_a-findfp.o)
 .debug_frame   0x000039f0       0x54 e:/siliconlabs/simplicitystudio/v4/developer/toolchains/gnu_arm/7.2_2017q4/bin/../lib/gcc/arm-none-eabi/7.2.1/../../../../arm-none-eabi/lib/thumb/v7e-m/fpv4-sp/softfp\libc_nano.a(lib_a-fwalk.o)
 .debug_frame   0x00003a44       0x2c e:/siliconlabs/simplicitystudio/v4/developer/toolchains/gnu_arm/7.2_2017q4/bin/../lib/gcc/arm-none-eabi/7.2.1/../../../../arm-none-eabi/lib/thumb/v7e-m/fpv4-sp/softfp\libc_nano.a(lib_a-nano-mallocr.o)
 .debug_frame   0x00003a70       0xac e:/siliconlabs/simplicitystudio/v4/developer/toolchains/gnu_arm/7.2_2017q4/bin/../lib/gcc/arm-none-eabi/7.2.1/../../../../arm-none-eabi/lib/thumb/v7e-m/fpv4-sp/softfp\libc_nano.a(lib_a-nano-vfprintf.o)
 .debug_frame   0x00003b1c       0x60 e:/siliconlabs/simplicitystudio/v4/developer/toolchains/gnu_arm/7.2_2017q4/bin/../lib/gcc/arm-none-eabi/7.2.1/../../../../arm-none-eabi/lib/thumb/v7e-m/fpv4-sp/softfp\libc_nano.a(lib_a-nano-vfprintf_i.o)
 .debug_frame   0x00003b7c       0x2c e:/siliconlabs/simplicitystudio/v4/developer/toolchains/gnu_arm/7.2_2017q4/bin/../lib/gcc/arm-none-eabi/7.2.1/../../../../arm-none-eabi/lib/thumb/v7e-m/fpv4-sp/softfp\libc_nano.a(lib_a-sbrkr.o)
 .debug_frame   0x00003ba8       0x88 e:/siliconlabs/simplicitystudio/v4/developer/toolchains/gnu_arm/7.2_2017q4/bin/../lib/gcc/arm-none-eabi/7.2.1/../../../../arm-none-eabi/lib/thumb/v7e-m/fpv4-sp/softfp\libc_nano.a(lib_a-stdio.o)
 .debug_frame   0x00003c30       0x40 e:/siliconlabs/simplicitystudio/v4/developer/toolchains/gnu_arm/7.2_2017q4/bin/../lib/gcc/arm-none-eabi/7.2.1/../../../../arm-none-eabi/lib/thumb/v7e-m/fpv4-sp/softfp\libc_nano.a(lib_a-wbuf.o)
 .debug_frame   0x00003c70       0x2c e:/siliconlabs/simplicitystudio/v4/developer/toolchains/gnu_arm/7.2_2017q4/bin/../lib/gcc/arm-none-eabi/7.2.1/../../../../arm-none-eabi/lib/thumb/v7e-m/fpv4-sp/softfp\libc_nano.a(lib_a-writer.o)
 .debug_frame   0x00003c9c       0x2c e:/siliconlabs/simplicitystudio/v4/developer/toolchains/gnu_arm/7.2_2017q4/bin/../lib/gcc/arm-none-eabi/7.2.1/../../../../arm-none-eabi/lib/thumb/v7e-m/fpv4-sp/softfp\libc_nano.a(lib_a-wsetup.o)
 .debug_frame   0x00003cc8       0x2c e:/siliconlabs/simplicitystudio/v4/developer/toolchains/gnu_arm/7.2_2017q4/bin/../lib/gcc/arm-none-eabi/7.2.1/../../../../arm-none-eabi/lib/thumb/v7e-m/fpv4-sp/softfp\libc_nano.a(lib_a-closer.o)
 .debug_frame   0x00003cf4       0x68 e:/siliconlabs/simplicitystudio/v4/developer/toolchains/gnu_arm/7.2_2017q4/bin/../lib/gcc/arm-none-eabi/7.2.1/../../../../arm-none-eabi/lib/thumb/v7e-m/fpv4-sp/softfp\libc_nano.a(lib_a-fflush.o)
 .debug_frame   0x00003d5c       0x2c e:/siliconlabs/simplicitystudio/v4/developer/toolchains/gnu_arm/7.2_2017q4/bin/../lib/gcc/arm-none-eabi/7.2.1/../../../../arm-none-eabi/lib/thumb/v7e-m/fpv4-sp/softfp\libc_nano.a(lib_a-lseekr.o)
 .debug_frame   0x00003d88       0x58 e:/siliconlabs/simplicitystudio/v4/developer/toolchains/gnu_arm/7.2_2017q4/bin/../lib/gcc/arm-none-eabi/7.2.1/../../../../arm-none-eabi/lib/thumb/v7e-m/fpv4-sp/softfp\libc_nano.a(lib_a-makebuf.o)
 .debug_frame   0x00003de0       0x30 e:/siliconlabs/simplicitystudio/v4/developer/toolchains/gnu_arm/7.2_2017q4/bin/../lib/gcc/arm-none-eabi/7.2.1/../../../../arm-none-eabi/lib/thumb/v7e-m/fpv4-sp/softfp\libc_nano.a(lib_a-mlock.o)
 .debug_frame   0x00003e10       0x38 e:/siliconlabs/simplicitystudio/v4/developer/toolchains/gnu_arm/7.2_2017q4/bin/../lib/gcc/arm-none-eabi/7.2.1/../../../../arm-none-eabi/lib/thumb/v7e-m/fpv4-sp/softfp\libc_nano.a(lib_a-nano-freer.o)
 .debug_frame   0x00003e48       0x2c e:/siliconlabs/simplicitystudio/v4/developer/toolchains/gnu_arm/7.2_2017q4/bin/../lib/gcc/arm-none-eabi/7.2.1/../../../../arm-none-eabi/lib/thumb/v7e-m/fpv4-sp/softfp\libc_nano.a(lib_a-readr.o)